[ 50%] Built target noisemaker-cpu
[ 56%] Built target noisemaker-cpu-example-perlin
[ 59%] Building CXX object CMakeFiles/noisemaker-cpu-tests.dir/tests/test_generated_kernels.cpp.o
tests/test_generated_kernels.cpp:10570:19: error: no type named 'KernelFactory' in namespace 'noisemaker'; did you mean 'noisemaker::generated::KernelFactory'?
 10570 |         [&](const noisemaker::KernelFactory& item) { return item.key == key; });
       |                   ^~~~~~~~~~~~~~~~~~~~~~~~~
       |                   noisemaker::generated::KernelFactory
include/noisemaker/generated/catalog.hpp:166:8: note: 'noisemaker::generated::KernelFactory' declared here
  166 | struct KernelFactory {
      |        ^
tests/test_generated_kernels.cpp:10568:17: error: variable 'entry' with type 'const auto *' has incompatible initializer of type 'std::__wrap_iter<const noisemaker::generated::KernelFactory *>'
 10568 |     const auto* entry = std::find_if(
       |                 ^       ~~~~~~~~~~~~~
 10569 |         factories.begin(), factories.end(),
       |         ~~~~~~~~~~~~~~~~~~~~~~~~~~~~~~~~~~~
 10570 |         [&](const noisemaker::KernelFactory& item) { return item.key == key; });
       |         ~~~~~~~~~~~~~~~~~~~~~~~~~~~~~~~~~~~~~~~~~~~~~~~~~~~~~~~~~~~~~~~~~~~~~~~
2 errors generated.
make[2]: *** [CMakeFiles/noisemaker-cpu-tests.dir/tests/test_generated_kernels.cpp.o] Error 1
make[1]: *** [CMakeFiles/noisemaker-cpu-tests.dir/all] Error 2
make: *** [all] Error 2
