[  3%] Building CXX object CMakeFiles/noisemaker-cpu.dir/src/numeric.cpp.o
[  9%] Building CXX object CMakeFiles/noisemaker-cpu.dir/src/fdlibm.cpp.o
[  9%] Building CXX object CMakeFiles/noisemaker-cpu.dir/src/surface.cpp.o
[ 12%] Building CXX object CMakeFiles/noisemaker-cpu.dir/src/texture_format.cpp.o
[ 15%] Building CXX object CMakeFiles/noisemaker-cpu.dir/src/kernel.cpp.o
[ 18%] Building CXX object CMakeFiles/noisemaker-cpu.dir/src/sampler.cpp.o
[ 21%] Building CXX object CMakeFiles/noisemaker-cpu.dir/src/png.cpp.o
[ 25%] Building CXX object CMakeFiles/noisemaker-cpu.dir/src/glsl_runtime.cpp.o
[ 28%] Building CXX object CMakeFiles/noisemaker-cpu.dir/src/pass_runner.cpp.o
[ 31%] Building CXX object CMakeFiles/noisemaker-cpu.dir/src/generated/synth_solid.cpp.o
[ 34%] Building CXX object CMakeFiles/noisemaker-cpu.dir/src/generated/filter_invert.cpp.o
[ 37%] Building CXX object CMakeFiles/noisemaker-cpu.dir/src/typed_generated/typed_slice.cpp.o
[ 40%] Building CXX object CMakeFiles/noisemaker-cpu.dir/src/effects/scatter/registry.cpp.o
[ 43%] Building CXX object CMakeFiles/noisemaker-cpu.dir/src/effects/scatter/wormhole.cpp.o
[ 46%] Building CXX object CMakeFiles/noisemaker-cpu.dir/src/effects/scatter/catalog.cpp.o
[ 50%] Linking CXX static library libnoisemaker-cpu.a
[ 50%] Built target noisemaker-cpu
[ 53%] Building CXX object CMakeFiles/noisemaker-cpu-tests.dir/tests/test_main.cpp.o
[ 56%] Building CXX object CMakeFiles/noisemaker-cpu-example-perlin.dir/examples/perlin.cpp.o
[ 59%] Building CXX object CMakeFiles/noisemaker-cpu-tests.dir/tests/test_numeric.cpp.o
[ 62%] Building CXX object CMakeFiles/noisemaker-cpu-tests.dir/tests/test_surface.cpp.o
[ 65%] Building CXX object CMakeFiles/noisemaker-cpu-tests.dir/tests/test_texture_format.cpp.o
[ 68%] Building CXX object CMakeFiles/noisemaker-cpu-tests.dir/tests/test_sampler.cpp.o
[ 71%] Building CXX object CMakeFiles/noisemaker-cpu-tests.dir/tests/test_png.cpp.o
[ 75%] Building CXX object CMakeFiles/noisemaker-cpu-tests.dir/tests/test_glsl_types.cpp.o
[ 78%] Building CXX object CMakeFiles/noisemaker-cpu-tests.dir/tests/test_glsl_runtime.cpp.o
[ 81%] Building CXX object CMakeFiles/noisemaker-cpu-tests.dir/tests/test_kernel.cpp.o
[ 84%] Linking CXX executable noisemaker-cpu-example-perlin
[ 87%] Building CXX object CMakeFiles/noisemaker-cpu-tests.dir/tests/test_pass_runner.cpp.o
[ 90%] Building CXX object CMakeFiles/noisemaker-cpu-tests.dir/tests/test_generated_kernels.cpp.o
[ 93%] Building CXX object CMakeFiles/noisemaker-cpu-tests.dir/tests/test_typed_slice.cpp.o
[ 93%] Built target noisemaker-cpu-example-perlin
[ 96%] Building CXX object CMakeFiles/noisemaker-cpu-tests.dir/tests/test_scatter_wormhole.cpp.o
[100%] Linking CXX executable noisemaker-cpu-tests
[100%] Built target noisemaker-cpu-tests
