[32m.[0m[32m.[0m[32m.[0m[32m.[0m[32m.[0m[32m.[0m[32m.[0m[32m.[0m[32m.[0m[32m.[0m[32m.[0m[32m.[0m[32m.[0m[32m.[0m[32m.[0m[32m.[0m[32m.[0m[32m.[0m[32m.[0m[32m.[0m[32m.[0m[32m.[0m[32m.[0m[32m.[0m[32m.[0m[32m.[0m[32m.[0m[32m.[0m[32m.[0m[32m.[0m[32m.[0m[32m.[0m[32m.[0m[32m.[0m[32m.[0m[32m.[0m[32m.[0m[32m.[0m[32m.[0m[32m.[0m[32m.[0m[32m.[0m[32m.[0m[32m.[0m[32m.[0m[32m.[0m[32m.[0m[32m.[0m[32m.[0m[32m.[0m[32m.[0m[31mF[0m[31mF[0m[31mF[0m[31mF[0m[32m.[0m[32m.[0m[31mF[0m[32m.[0m[32m.[0m[32m.[0m[32m.[0m[32m.[0m[32m.[0m[32m.[0m[31mF[0m[32m.[0m[32m.[0m[32m.[0m[32m.[0m[32m.[0m[32m.[0m[31mF[0m[32m.[0m[32m.[0m[32m.[0m[31mF[0m[32m.[0m[32m.[0m[31mF[0m[32m.[0m[32m.[0m[32m.[0m[32m.[0m[31mF[0m[32m.[0m[31mF[0m[32m.[0m[32m.[0m[32m.[0m[32m.[0m[32m.[0m[32m.[0m[32m.[0m[32m.[0m[32m.[0m[31mF[0m[32m.[0m[32m.[0m[32m.[0m[32m.[0m[32m.[0m[32m.[0m[32m.[0m[32m.[0m[31mF[0m[32m.[0m[32m.[0m[32m.[0m[31mF[0m[32m.[0m[32m.[0m[32m.[0m[32m.[0m[32m.[0m[32m.[0m[32m.[0m[32m.[0m[32m.[0m[32m.[0m[32m.[0m[32m.[0m[32m.[0m[32m.[0m[32m.[0m[32m.[0m[32m.[0m[32m.[0m[32m.[0m[32m.[0m[32m.[0m[32m.[0m[32m.[0m[32m.[0m[32m.[0m[32m.[0m[32m.[0m[32m.[0m[32m.[0m[32m.[0m[32m.[0m[32m.[0m[32m.[0m[32m.[0m[32m.[0m[32m.[0m[32m.[0m[32m.[0m[32m.[0m[32m.[0m[32m.[0m[32m.[0m[32m.[0m[32m.[0m[32m.[0m[32m.[0m[32m.[0m[32m.[0m[32m.[0m[32m.[0m[32m.[0m[32m.[0m[32m.[0m[32m.[0m[32m.[0m[31mF[0m[31mF[0m[32m.[0m[32m.[0m[31mF[0m[32m.[0m[32m.[0m[32m.[0m[32m.[0m[32m.[0m[32m.[0m[32m.[0m[31mF[0m[32m.[0m[32m.[0m[32m.[0m[32m.[0m[32m.[0m[32m.[0m[31mF[0m[31mF[0m[32m.[0m[32m.[0m[31mE[0m[32m.[0m[32m.[0m[32m.[0m[32m.[0m[32m.[0m[32m.[0m[32m.[0m[32m.[0m[32m.[0m[31mF[0m[31mF[0m[32m.[0m[32m.[0m[32m.[0m[32m.[0m[31mF[0m[32m.[0m[32m.[0m[31mF[0m[32m.[0m[31mF[0m[32m.[0m[32m.[0m[32m.[0m[32m.[0m[31mF[0m[32m.[0m[32m.[0m[32m.[0m[32m.[0m[32m.[0m[32m.[0m
======================================================================
[31mERROR[0m[1;31m: test_task24_resource_contract_is_mechanical_and_mutation_closed (test_typed_generator.TypedGeneratorTests.test_task24_resource_contract_is_mechanical_and_mutation_closed)[0m
----------------------------------------------------------------------
Traceback (most recent call last):
  File [35m"tests/test_typed_generator.py"[0m, line [35m1422[0m, in [35mtest_task24_resource_contract_is_mechanical_and_mutation_closed[0m
    self.assertEqual(66, [31maudit[0m[1;31m(block)[0m)
                         [31m~~~~~[0m[1;31m^^^^^^^[0m
  File [35m"tests/test_typed_generator.py"[0m, line [35m1388[0m, in [35maudit[0m
    raise ValueError("State/binder ABI")
[1;35mValueError[0m: [35mState/binder ABI[0m

======================================================================
[31mFAIL[0m[1;31m: test_task27_generation_is_exact_single_program_delta_from_task26 (test_typed_generator.Task27PerlinTests.test_task27_generation_is_exact_single_program_delta_from_task26) (task26_artifact='src/typed_generated/typed_slice.cpp')[0m
----------------------------------------------------------------------
Traceback (most recent call last):
  File [35m"tests/test_typed_generator.py"[0m, line [35m12310[0m, in [35mtest_task27_generation_is_exact_single_program_delta_from_task26[0m
    [31mself.assertEqual[0m[1;31m([0m
    [31m~~~~~~~~~~~~~~~~[0m[1;31m^[0m
        [1;31mexpected, hashlib.sha256(prior_with_header[path]).hexdigest())[0m
        [1;31m^^^^^^^^^^^^^^^^^^^^^^^^^^^^^^^^^^^^^^^^^^^^^^^^^^^^^^^^^^^^^^[0m
[1;35mAssertionError[0m: [35m'df4aa212f312dcaf12bc348df1b1449a25db52542c97d0bc0350a7a2162b2d38' != '6144fc63bce016880687a1f1920f9b0a7fdd7173c730043862055afe73a30851'
- df4aa212f312dcaf12bc348df1b1449a25db52542c97d0bc0350a7a2162b2d38
+ 6144fc63bce016880687a1f1920f9b0a7fdd7173c730043862055afe73a30851
[0m

======================================================================
[31mFAIL[0m[1;31m: test_task27_generation_is_exact_single_program_delta_from_task26 (test_typed_generator.Task27PerlinTests.test_task27_generation_is_exact_single_program_delta_from_task26) (task26_artifact='src/typed_generated/typed_manifest.json')[0m
----------------------------------------------------------------------
Traceback (most recent call last):
  File [35m"tests/test_typed_generator.py"[0m, line [35m12310[0m, in [35mtest_task27_generation_is_exact_single_program_delta_from_task26[0m
    [31mself.assertEqual[0m[1;31m([0m
    [31m~~~~~~~~~~~~~~~~[0m[1;31m^[0m
        [1;31mexpected, hashlib.sha256(prior_with_header[path]).hexdigest())[0m
        [1;31m^^^^^^^^^^^^^^^^^^^^^^^^^^^^^^^^^^^^^^^^^^^^^^^^^^^^^^^^^^^^^^[0m
[1;35mAssertionError[0m: [35m'e7f7acd56c96951d5610276cb72ad2df19637f142ae08022b92c2c718a7e7def' != '246bd5e7a60eeeceb86e6bf32cef628e36f253a8d56e888f8288d0c690c90ecd'
- e7f7acd56c96951d5610276cb72ad2df19637f142ae08022b92c2c718a7e7def
+ 246bd5e7a60eeeceb86e6bf32cef628e36f253a8d56e888f8288d0c690c90ecd
[0m

======================================================================
[31mFAIL[0m[1;31m: test_task27_generation_is_exact_single_program_delta_from_task26 (test_typed_generator.Task27PerlinTests.test_task27_generation_is_exact_single_program_delta_from_task26) (task26_artifact='include/noisemaker/generated/catalog.hpp')[0m
----------------------------------------------------------------------
Traceback (most recent call last):
  File [35m"tests/test_typed_generator.py"[0m, line [35m12310[0m, in [35mtest_task27_generation_is_exact_single_program_delta_from_task26[0m
    [31mself.assertEqual[0m[1;31m([0m
    [31m~~~~~~~~~~~~~~~~[0m[1;31m^[0m
        [1;31mexpected, hashlib.sha256(prior_with_header[path]).hexdigest())[0m
        [1;31m^^^^^^^^^^^^^^^^^^^^^^^^^^^^^^^^^^^^^^^^^^^^^^^^^^^^^^^^^^^^^^[0m
[1;35mAssertionError[0m: [35m'557ccdbee5a58ff6129269ad4a4dfdc25486b8a9f8c455da2bf2c8663d55527d' != '0ea829319737d399cfaf6e39da9a048038877476efaab88744879bd0aee1b783'
- 557ccdbee5a58ff6129269ad4a4dfdc25486b8a9f8c455da2bf2c8663d55527d
+ 0ea829319737d399cfaf6e39da9a048038877476efaab88744879bd0aee1b783
[0m

======================================================================
[31mFAIL[0m[1;31m: test_task27_generation_is_exact_single_program_delta_from_task26 (test_typed_generator.Task27PerlinTests.test_task27_generation_is_exact_single_program_delta_from_task26)[0m
----------------------------------------------------------------------
Traceback (most recent call last):
  File [35m"tests/test_typed_generator.py"[0m, line [35m12328[0m, in [35mtest_task27_generation_is_exact_single_program_delta_from_task26[0m
    [31mself.assertEqual[0m[1;31m((127, 126),[0m
    [31m~~~~~~~~~~~~~~~~[0m[1;31m^^^^^^^^^^^^[0m
                     [1;31m(len(current_blocks), len(prior_blocks)))[0m
                     [1;31m^^^^^^^^^^^^^^^^^^^^^^^^^^^^^^^^^^^^^^^^^[0m
[1;35mAssertionError[0m: [35mTuples differ: (127, 126) != (142, 141)

First differing element 0:
127
142

- (127, 126)
+ (142, 141)[0m

======================================================================
[31mFAIL[0m[1;31m: test_task27_slice_schema_has_exact_single_perlin_carrier_and_census (test_typed_generator.Task27PerlinTests.test_task27_slice_schema_has_exact_single_perlin_carrier_and_census)[0m
----------------------------------------------------------------------
Traceback (most recent call last):
  File [35m"tests/test_typed_generator.py"[0m, line [35m12189[0m, in [35mtest_task27_slice_schema_has_exact_single_perlin_carrier_and_census[0m
    [31mself.assertEqual[0m[1;31m(127, len(keys))[0m
    [31m~~~~~~~~~~~~~~~~[0m[1;31m^^^^^^^^^^^^^^^^[0m
[1;35mAssertionError[0m: [35m127 != 142[0m

======================================================================
[31mFAIL[0m[1;31m: test_task28_schema_generation_and_task27_reconstruction (test_typed_generator.Task28RotateMat2ReturnTests.test_task28_schema_generation_and_task27_reconstruction)[0m
----------------------------------------------------------------------
Traceback (most recent call last):
  File [35m"tests/test_typed_generator.py"[0m, line [35m13299[0m, in [35mtest_task28_schema_generation_and_task27_reconstruction[0m
    [31mself.assertEqual[0m[1;31m((128, 67, "30f0333cfd995ba1b866fcbd9589507151255204088675bae6575e42d7328c55"),[0m
    [31m~~~~~~~~~~~~~~~~[0m[1;31m^^^^^^^^^^^^^^^^^^^^^^^^^^^^^^^^^^^^^^^^^^^^^^^^^^^^^^^^^^^^^^^^^^^^^^^^^^^^^^^[0m
                     [1;31m(len(keys), keys.index(ROTATE_KEY), hashlib.sha256([0m
                     [1;31m^^^^^^^^^^^^^^^^^^^^^^^^^^^^^^^^^^^^^^^^^^^^^^^^^^^[0m
                         [1;31m("\n".join(keys) + "\n").encode()).hexdigest()))[0m
                         [1;31m^^^^^^^^^^^^^^^^^^^^^^^^^^^^^^^^^^^^^^^^^^^^^^^^[0m
[1;35mAssertionError[0m: [35mTuples differ: (128, 67, '30f0333cfd995ba1b866fcbd9589507151255204088675bae6575e42d7328c55') != (143, 76, '5b8cf6cccc9b953b9f8fbb0bbe5d5c2795f30fab8048d92b8cfa24c51e90e076')

First differing element 0:
128
143

- (128, 67, '30f0333cfd995ba1b866fcbd9589507151255204088675bae6575e42d7328c55')
+ (143, 76, '5b8cf6cccc9b953b9f8fbb0bbe5d5c2795f30fab8048d92b8cfa24c51e90e076')[0m

======================================================================
[31mFAIL[0m[1;31m: test_task29_schema_counts_hashes_and_real_task28_reconstruction_isolation (test_typed_generator.Task29FocusBlurBorrowedSamplerTests.test_task29_schema_counts_hashes_and_real_task28_reconstruction_isolation)[0m
----------------------------------------------------------------------
Traceback (most recent call last):
  File [35m"tests/test_typed_generator.py"[0m, line [35m14062[0m, in [35mtest_task29_schema_counts_hashes_and_real_task28_reconstruction_isolation[0m
    [31mself.assertEqual[0m[1;31m((137, 139, 73, 212),[0m
    [31m~~~~~~~~~~~~~~~~[0m[1;31m^^^^^^^^^^^^^^^^^^^^^[0m
                     [1;31m(len(typed), len(public), len(unported),[0m
                     [1;31m^^^^^^^^^^^^^^^^^^^^^^^^^^^^^^^^^^^^^^^^[0m
                      [1;31mlen(corpus["programs"])))[0m
                      [1;31m^^^^^^^^^^^^^^^^^^^^^^^^^[0m
[1;35mAssertionError[0m: [35mTuples differ: (137, 139, 73, 212) != (152, 154, 58, 212)

First differing element 0:
137
152

- (137, 139, 73, 212)
+ (152, 154, 58, 212)[0m

======================================================================
[31mFAIL[0m[1;31m: test_task30_history_coexistence_and_live_schema_matches_130_program_state (test_typed_generator.Task30ExtrudeBvec2RelationalReductionTests.test_task30_history_coexistence_and_live_schema_matches_130_program_state)[0m
----------------------------------------------------------------------
Traceback (most recent call last):
  File [35m"tests/test_typed_generator.py"[0m, line [35m14744[0m, in [35mtest_task30_history_coexistence_and_live_schema_matches_130_program_state[0m
    [31mself.assertEqual[0m[1;31m((137, 139, 73, 212),[0m
    [31m~~~~~~~~~~~~~~~~[0m[1;31m^^^^^^^^^^^^^^^^^^^^^[0m
                     [1;31m(len(typed), len(public), len(unported),[0m
                     [1;31m^^^^^^^^^^^^^^^^^^^^^^^^^^^^^^^^^^^^^^^^[0m
                      [1;31mlen(corpus["programs"])))[0m
                      [1;31m^^^^^^^^^^^^^^^^^^^^^^^^^[0m
[1;35mAssertionError[0m: [35mTuples differ: (137, 139, 73, 212) != (152, 154, 58, 212)

First differing element 0:
137
152

- (137, 139, 73, 212)
+ (152, 154, 58, 212)[0m

======================================================================
[31mFAIL[0m[1;31m: test_task30_removing_only_extrude_regenerates_task29_outputs_byte_for_byte (test_typed_generator.Task30ExtrudeBvec2RelationalReductionTests.test_task30_removing_only_extrude_regenerates_task29_outputs_byte_for_byte)[0m
----------------------------------------------------------------------
Traceback (most recent call last):
  File [35m"tests/test_typed_generator.py"[0m, line [35m14844[0m, in [35mtest_task30_removing_only_extrude_regenerates_task29_outputs_byte_for_byte[0m
    [31mself.assertEqual[0m[1;31m(129, len(task29_keys))[0m
    [31m~~~~~~~~~~~~~~~~[0m[1;31m^^^^^^^^^^^^^^^^^^^^^^^[0m
[1;35mAssertionError[0m: [35m129 != 144[0m

======================================================================
[31mFAIL[0m[1;31m: test_task31_history_live_schema_ordinal_and_vendored_oracle_match_131_program_state (test_typed_generator.Task31CurlVectorMathTests.test_task31_history_live_schema_ordinal_and_vendored_oracle_match_131_program_state)[0m
----------------------------------------------------------------------
Traceback (most recent call last):
  File [35m"tests/test_typed_generator.py"[0m, line [35m15653[0m, in [35mtest_task31_history_live_schema_ordinal_and_vendored_oracle_match_131_program_state[0m
    [31mself.assertEqual[0m[1;31m((137, 139, 73, 212),[0m
    [31m~~~~~~~~~~~~~~~~[0m[1;31m^^^^^^^^^^^^^^^^^^^^^[0m
                     [1;31m(len(typed), len(public), len(unported),[0m
                     [1;31m^^^^^^^^^^^^^^^^^^^^^^^^^^^^^^^^^^^^^^^^[0m
                      [1;31mlen(corpus["programs"])))[0m
                      [1;31m^^^^^^^^^^^^^^^^^^^^^^^^^[0m
[1;35mAssertionError[0m: [35mTuples differ: (137, 139, 73, 212) != (152, 154, 58, 212)

First differing element 0:
137
152

- (137, 139, 73, 212)
+ (152, 154, 58, 212)[0m

======================================================================
[31mFAIL[0m[1;31m: test_task31_removing_only_curl_regenerates_task30_outputs_byte_for_byte (test_typed_generator.Task31CurlVectorMathTests.test_task31_removing_only_curl_regenerates_task30_outputs_byte_for_byte)[0m
----------------------------------------------------------------------
Traceback (most recent call last):
  File [35m"tests/test_typed_generator.py"[0m, line [35m15735[0m, in [35mtest_task31_removing_only_curl_regenerates_task30_outputs_byte_for_byte[0m
    [31mself.assertEqual[0m[1;31m(130, len(task30_keys))[0m
    [31m~~~~~~~~~~~~~~~~[0m[1;31m^^^^^^^^^^^^^^^^^^^^^^^[0m
[1;35mAssertionError[0m: [35m130 != 145[0m

======================================================================
[31mFAIL[0m[1;31m: test_task32_ordinal_blast_radius_removing_six_grade_keys_reconstructs_task31 (test_typed_generator.Task32GradeClusterTests.test_task32_ordinal_blast_radius_removing_six_grade_keys_reconstructs_task31)
Removing all six grade keys from the live typed list must[0m
----------------------------------------------------------------------
Traceback (most recent call last):
  File [35m"tests/test_typed_generator.py"[0m, line [35m16241[0m, in [35mtest_task32_ordinal_blast_radius_removing_six_grade_keys_reconstructs_task31[0m
    [31mself.assertEqual[0m[1;31m(137, len(typed))[0m
    [31m~~~~~~~~~~~~~~~~[0m[1;31m^^^^^^^^^^^^^^^^^[0m
[1;35mAssertionError[0m: [35m137 != 152[0m

======================================================================
[31mFAIL[0m[1;31m: test_allowlist_is_schema_locked_sorted_and_contains_exactly_one_hundred_twenty_six_typed_keys (test_typed_generator.TypedGeneratorTests.test_allowlist_is_schema_locked_sorted_and_contains_exactly_one_hundred_twenty_six_typed_keys)[0m
----------------------------------------------------------------------
Traceback (most recent call last):
  File [35m"tests/test_typed_generator.py"[0m, line [35m4956[0m, in [35mtest_allowlist_is_schema_locked_sorted_and_contains_exactly_one_hundred_twenty_six_typed_keys[0m
    [31mself.assertEqual[0m[1;31m(sorted([*existing, *task15, "filter/pixelSort:computeRank",[0m
    [31m~~~~~~~~~~~~~~~~[0m[1;31m^^^^^^^^^^^^^^^^^^^^^^^^^^^^^^^^^^^^^^^^^^^^^^^^^^^^^^^^^^^^[0m
                             [1;31m"filter/sharpen:sharpen", "filter/sobel:sobel",[0m
                             [1;31m^^^^^^^^^^^^^^^^^^^^^^^^^^^^^^^^^^^^^^^^^^^^^^^[0m
    ...<12 lines>...
                             [1;31m"filter/grade:vignette", "filter/grade:wheels"]),[0m
                             [1;31m^^^^^^^^^^^^^^^^^^^^^^^^^^^^^^^^^^^^^^^^^^^^^^^^^[0m
                     [1;31m[entry["program_key"] for entry in slice_spec["programs"]])[0m
                     [1;31m^^^^^^^^^^^^^^^^^^^^^^^^^^^^^^^^^^^^^^^^^^^^^^^^^^^^^^^^^^^[0m
[1;35mAssertionError[0m: [35mLists differ: ['cla[291 chars]lter/celShading:celShadingBlend', 'filter/celS[3529 chars]ide'] != ['cla[291 chars]lter/bulge:bulge', 'filter/celShading:celShadi[3916 chars]ide']

First differing element 9:
'filter/celShading:celShadingBlend'
'filter/bulge:bulge'

Second list contains 15 additional elements.
First extra element 137:
'mixer/split:split'

Diff is 4719 characters long. Set self.maxDiff to None to see it.[0m

======================================================================
[31mFAIL[0m[1;31m: test_committed_manifest_has_one_hundred_twenty_nine_typed_outputs_without_absolute_paths (test_typed_generator.TypedGeneratorTests.test_committed_manifest_has_one_hundred_twenty_nine_typed_outputs_without_absolute_paths)[0m
----------------------------------------------------------------------
Traceback (most recent call last):
  File [35m"tests/test_typed_generator.py"[0m, line [35m6548[0m, in [35mtest_committed_manifest_has_one_hundred_twenty_nine_typed_outputs_without_absolute_paths[0m
    [31mself.assertEqual[0m[1;31m(137, len(manifest["programs"]))[0m
    [31m~~~~~~~~~~~~~~~~[0m[1;31m^^^^^^^^^^^^^^^^^^^^^^^^^^^^^^^^[0m
[1;35mAssertionError[0m: [35m137 != 152[0m

======================================================================
[31mFAIL[0m[1;31m: test_task21_degauss_exclusions_remain_closed (test_typed_generator.TypedGeneratorTests.test_task21_degauss_exclusions_remain_closed)[0m
----------------------------------------------------------------------
Traceback (most recent call last):
  File [35m"tests/test_typed_generator.py"[0m, line [35m7576[0m, in [35mtest_task21_degauss_exclusions_remain_closed[0m
    [31mself.assertEqual[0m[1;31m(127, len(keys))[0m
    [31m~~~~~~~~~~~~~~~~[0m[1;31m^^^^^^^^^^^^^^^^[0m
[1;35mAssertionError[0m: [35m127 != 142[0m

======================================================================
[31mFAIL[0m[1;31m: test_task21_degauss_profile_is_exact_and_current_vocabulary (test_typed_generator.TypedGeneratorTests.test_task21_degauss_profile_is_exact_and_current_vocabulary)[0m
----------------------------------------------------------------------
Traceback (most recent call last):
  File [35m"tests/test_typed_generator.py"[0m, line [35m7359[0m, in [35mtest_task21_degauss_profile_is_exact_and_current_vocabulary[0m
    [31mself.assertEqual[0m[1;31m(127, len(slice_spec["programs"]))[0m
    [31m~~~~~~~~~~~~~~~~[0m[1;31m^^^^^^^^^^^^^^^^^^^^^^^^^^^^^^^^^^[0m
[1;35mAssertionError[0m: [35m127 != 142[0m

======================================================================
[31mFAIL[0m[1;31m: test_task22_crt_exclusions_remain_closed (test_typed_generator.TypedGeneratorTests.test_task22_crt_exclusions_remain_closed)[0m
----------------------------------------------------------------------
Traceback (most recent call last):
  File [35m"tests/test_typed_generator.py"[0m, line [35m8645[0m, in [35mtest_task22_crt_exclusions_remain_closed[0m
    [31mself.assertEqual[0m[1;31m(127, len(typed))[0m
    [31m~~~~~~~~~~~~~~~~[0m[1;31m^^^^^^^^^^^^^^^^^[0m
[1;35mAssertionError[0m: [35m127 != 142[0m

======================================================================
[31mFAIL[0m[1;31m: test_task23_six_key_counts_positions_and_generated_isolation_are_exact (test_typed_generator.TypedGeneratorTests.test_task23_six_key_counts_positions_and_generated_isolation_are_exact)[0m
----------------------------------------------------------------------
Traceback (most recent call last):
  File [35m"tests/test_typed_generator.py"[0m, line [35m2336[0m, in [35mtest_task23_six_key_counts_positions_and_generated_isolation_are_exact[0m
    [31mself.assertEqual[0m[1;31m((122, 124, 88, 212), ([0m
    [31m~~~~~~~~~~~~~~~~[0m[1;31m^^^^^^^^^^^^^^^^^^^^^^^[0m
        [1;31mlen(keys), len(public), len(corpus["programs"]) - len(public),[0m
        [1;31m^^^^^^^^^^^^^^^^^^^^^^^^^^^^^^^^^^^^^^^^^^^^^^^^^^^^^^^^^^^^^^[0m
        [1;31mlen(corpus["programs"])))[0m
        [1;31m^^^^^^^^^^^^^^^^^^^^^^^^^[0m
[1;35mAssertionError[0m: [35mTuples differ: (122, 124, 88, 212) != (137, 139, 73, 212)

First differing element 0:
122
137

- (122, 124, 88, 212)
+ (137, 139, 73, 212)[0m

======================================================================
[31mFAIL[0m[1;31m: test_task24_generation_isolated_to_one_block_manifest_row_and_catalog_entry (test_typed_generator.TypedGeneratorTests.test_task24_generation_isolated_to_one_block_manifest_row_and_catalog_entry)[0m
----------------------------------------------------------------------
Traceback (most recent call last):
  File [35m"tests/test_typed_generator.py"[0m, line [35m1493[0m, in [35mtest_task24_generation_isolated_to_one_block_manifest_row_and_catalog_entry[0m
    [31mself.assertEqual[0m[1;31m(expected, hashlib.sha256(prior[path]).hexdigest(), path)[0m
    [31m~~~~~~~~~~~~~~~~[0m[1;31m^^^^^^^^^^^^^^^^^^^^^^^^^^^^^^^^^^^^^^^^^^^^^^^^^^^^^^^^^[0m
[1;35mAssertionError[0m: [35m'c36f84aa5bcf09d932837bb84ba323ce51d44398ca29deb4dfb71151c32442a8' != '5521c979239df6c7cc6347530e22a5a7758292298311f38a9f5093c2de68b132'
- c36f84aa5bcf09d932837bb84ba323ce51d44398ca29deb4dfb71151c32442a8
+ 5521c979239df6c7cc6347530e22a5a7758292298311f38a9f5093c2de68b132
 : src/typed_generated/typed_slice.cpp[0m

======================================================================
[31mFAIL[0m[1;31m: test_task24_loader_carries_only_gather_profile_and_generates_one_new_block (test_typed_generator.TypedGeneratorTests.test_task24_loader_carries_only_gather_profile_and_generates_one_new_block)[0m
----------------------------------------------------------------------
Traceback (most recent call last):
  File [35m"tests/test_typed_generator.py"[0m, line [35m585[0m, in [35mtest_task24_loader_carries_only_gather_profile_and_generates_one_new_block[0m
    [31mself.assertEqual[0m[1;31m(123, len(spec["programs"]))[0m
    [31m~~~~~~~~~~~~~~~~[0m[1;31m^^^^^^^^^^^^^^^^^^^^^^^^^^^^[0m
[1;35mAssertionError[0m: [35m123 != 138[0m

======================================================================
[31mFAIL[0m[1;31m: test_task25_loader_rejects_transitional_task24_no_carrier_slice (test_typed_generator.TypedGeneratorTests.test_task25_loader_rejects_transitional_task24_no_carrier_slice)[0m
----------------------------------------------------------------------
Traceback (most recent call last):
  File [35m"tests/test_typed_generator.py"[0m, line [35m9218[0m, in [35mtest_task25_loader_rejects_transitional_task24_no_carrier_slice[0m
    [31mself.assertEqual[0m[1;31m(123, len(task24["programs"]))[0m
    [31m~~~~~~~~~~~~~~~~[0m[1;31m^^^^^^^^^^^^^^^^^^^^^^^^^^^^^^[0m
[1;35mAssertionError[0m: [35m123 != 138[0m

======================================================================
[31mFAIL[0m[1;31m: test_task25_loader_schema_admits_only_the_two_later_lane_carriers (test_typed_generator.TypedGeneratorTests.test_task25_loader_schema_admits_only_the_two_later_lane_carriers) (schema='exact')[0m
----------------------------------------------------------------------
Traceback (most recent call last):
  File [35m"tests/test_typed_generator.py"[0m, line [35m9759[0m, in [35mtest_task25_loader_schema_admits_only_the_two_later_lane_carriers[0m
    [31mself.assertEqual[0m[1;31m(137, len(loaded["programs"]))[0m
    [31m~~~~~~~~~~~~~~~~[0m[1;31m^^^^^^^^^^^^^^^^^^^^^^^^^^^^^^[0m
[1;35mAssertionError[0m: [35m137 != 152[0m

======================================================================
[31mFAIL[0m[1;31m: test_task25_slice_counts_lists_positions_and_generated_isolation_are_exact (test_typed_generator.TypedGeneratorTests.test_task25_slice_counts_lists_positions_and_generated_isolation_are_exact)[0m
----------------------------------------------------------------------
Traceback (most recent call last):
  File [35m"tests/test_typed_generator.py"[0m, line [35m9013[0m, in [35mtest_task25_slice_counts_lists_positions_and_generated_isolation_are_exact[0m
    [31mself.assertEqual[0m[1;31m(expected_typed, typed)[0m
    [31m~~~~~~~~~~~~~~~~[0m[1;31m^^^^^^^^^^^^^^^^^^^^^^^[0m
[1;35mAssertionError[0m: [35mTuples differ: ('cla[291 chars]lter/celShading:celShadingBlend', 'filter/celS[3237 chars]ide') != ('cla[291 chars]lter/bulge:bulge', 'filter/celShading:celShadi[3624 chars]ide')

First differing element 9:
'filter/celShading:celShadingBlend'
'filter/bulge:bulge'

Second tuple contains 15 additional elements.
First extra element 125:
'mixer/shadow:shadow'

Diff is 4391 characters long. Set self.maxDiff to None to see it.[0m

======================================================================
[31mFAIL[0m[1;31m: test_task26_generation_adds_only_smooth_block_manifest_and_catalog (test_typed_generator.TypedGeneratorTests.test_task26_generation_adds_only_smooth_block_manifest_and_catalog)[0m
----------------------------------------------------------------------
Traceback (most recent call last):
  File [35m"tests/test_typed_generator.py"[0m, line [35m11357[0m, in [35mtest_task26_generation_adds_only_smooth_block_manifest_and_catalog[0m
    [31mself.assertEqual[0m[1;31m(126, len(current_blocks))[0m
    [31m~~~~~~~~~~~~~~~~[0m[1;31m^^^^^^^^^^^^^^^^^^^^^^^^^^[0m
[1;35mAssertionError[0m: [35m126 != 141[0m

======================================================================
[31mFAIL[0m[1;31m: test_task26_loader_admits_only_exact_smooth_carrier_and_census (test_typed_generator.TypedGeneratorTests.test_task26_loader_admits_only_exact_smooth_carrier_and_census)[0m
----------------------------------------------------------------------
Traceback (most recent call last):
  File [35m"tests/test_typed_generator.py"[0m, line [35m11217[0m, in [35mtest_task26_loader_admits_only_exact_smooth_carrier_and_census[0m
    [31mself.assertEqual[0m[1;31m((127, 129, 83, 212),[0m
    [31m~~~~~~~~~~~~~~~~[0m[1;31m^^^^^^^^^^^^^^^^^^^^^[0m
                     [1;31m(len(typed), len(public), len(unported),[0m
                     [1;31m^^^^^^^^^^^^^^^^^^^^^^^^^^^^^^^^^^^^^^^^[0m
                      [1;31mlen(corpus["programs"])))[0m
                      [1;31m^^^^^^^^^^^^^^^^^^^^^^^^^[0m
[1;35mAssertionError[0m: [35mTuples differ: (127, 129, 83, 212) != (142, 144, 68, 212)

First differing element 0:
127
142

- (127, 129, 83, 212)
?    -   ^^   -

+ (142, 144, 68, 212)
?   +    ^^  +
[0m

======================================================================
[31mFAIL[0m[1;31m: test_typed_generation_is_cwd_independent_and_matches_committed_slice (test_typed_generator.TypedGeneratorTests.test_typed_generation_is_cwd_independent_and_matches_committed_slice)[0m
----------------------------------------------------------------------
Traceback (most recent call last):
  File [35m"tests/test_typed_generator.py"[0m, line [35m6025[0m, in [35mtest_typed_generation_is_cwd_independent_and_matches_committed_slice[0m
    [31mself.assertIn[0m[1;31m("typed slice ok (137 programs)", output)[0m
    [31m~~~~~~~~~~~~~[0m[1;31m^^^^^^^^^^^^^^^^^^^^^^^^^^^^^^^^^^^^^^^^^[0m
[1;35mAssertionError[0m: [35m'typed slice ok (137 programs)' not found in 'generate_typed_slice: typed slice ok (152 programs)\n'[0m

----------------------------------------------------------------------
Ran 218 tests in 668.892s

[1;31mFAILED[0m ([1;31mfailures=26[0m, [1;31merrors=1[0m)
EXIT=1
