test_task29_analyzer_produced_sampler_and_call_shape_alternatives_reject_every_boundary (tests.test_typed_generator.Task29FocusBlurBorrowedSamplerTests.test_task29_analyzer_produced_sampler_and_call_shape_alternatives_reject_every_boundary) ... [32mok[0m
test_task29_complete_call_ancestry_move_copy_swap_and_predicate_controls_reject (tests.test_typed_generator.Task29FocusBlurBorrowedSamplerTests.test_task29_complete_call_ancestry_move_copy_swap_and_predicate_controls_reject) ... [32mok[0m
test_task29_cpp_tables_switch_helpers_and_witnesses_are_exact_frozen_transcription (tests.test_typed_generator.Task29FocusBlurBorrowedSamplerTests.test_task29_cpp_tables_switch_helpers_and_witnesses_are_exact_frozen_transcription) ... [32mok[0m
test_task29_exact_profile_owns_complete_candidate_ancestry_and_emits_narrow_abi (tests.test_typed_generator.Task29FocusBlurBorrowedSamplerTests.test_task29_exact_profile_owns_complete_candidate_ancestry_and_emits_narrow_abi) ... [32mok[0m
test_task29_exhaustive_single_axis_protected_coordinate_negative_closure (tests.test_typed_generator.Task29FocusBlurBorrowedSamplerTests.test_task29_exhaustive_single_axis_protected_coordinate_negative_closure) ... [32mok[0m
test_task29_full_carrier_caller_numeric_defines_and_coexistence_matrix (tests.test_typed_generator.Task29FocusBlurBorrowedSamplerTests.test_task29_full_carrier_caller_numeric_defines_and_coexistence_matrix) ... [32mok[0m
test_task29_schema_counts_hashes_and_real_task28_reconstruction_isolation (tests.test_typed_generator.Task29FocusBlurBorrowedSamplerTests.test_task29_schema_counts_hashes_and_real_task28_reconstruction_isolation) ... [31mFAIL[0m

======================================================================
[31mFAIL[0m[1;31m: test_task29_schema_counts_hashes_and_real_task28_reconstruction_isolation (tests.test_typed_generator.Task29FocusBlurBorrowedSamplerTests.test_task29_schema_counts_hashes_and_real_task28_reconstruction_isolation)[0m
----------------------------------------------------------------------
Traceback (most recent call last):
  File [35m"tests/test_typed_generator.py"[0m, line [35m14065[0m, in [35mtest_task29_schema_counts_hashes_and_real_task28_reconstruction_isolation[0m
    [31mself.assertEqual[0m[1;31m([0m
    [31m~~~~~~~~~~~~~~~~[0m[1;31m^[0m
        [1;31m"dfb7c7c43d7fd118c4a1b9a266d6957a90b189ec63ac6b0d49538bd853a360d7",[0m
        [1;31m^^^^^^^^^^^^^^^^^^^^^^^^^^^^^^^^^^^^^^^^^^^^^^^^^^^^^^^^^^^^^^^^^^^[0m
        [1;31mhashlib.sha256(("\n".join(typed) + "\n").encode()).hexdigest())[0m
        [1;31m^^^^^^^^^^^^^^^^^^^^^^^^^^^^^^^^^^^^^^^^^^^^^^^^^^^^^^^^^^^^^^^[0m
[1;35mAssertionError[0m: [35m'dfb7c7c43d7fd118c4a1b9a266d6957a90b189ec63ac6b0d49538bd853a360d7' != 'b261d268611c9e5b4afe14fd93c7b44b64f9bf6c245320069c5dc312fb78e6fe'
- dfb7c7c43d7fd118c4a1b9a266d6957a90b189ec63ac6b0d49538bd853a360d7
+ b261d268611c9e5b4afe14fd93c7b44b64f9bf6c245320069c5dc312fb78e6fe
[0m

----------------------------------------------------------------------
Ran 7 tests in 21.458s

[1;31mFAILED[0m ([1;31mfailures=1[0m)
