test_task27_cpp_tables_are_exact_executable_frozen_transcription (tests.test_typed_generator.Task27PerlinTests.test_task27_cpp_tables_are_exact_executable_frozen_transcription) ... ok
test_task27_emitter_uses_direct_left_nested_scalar_uint_xor_only (tests.test_typed_generator.Task27PerlinTests.test_task27_emitter_uses_direct_left_nested_scalar_uint_xor_only) ... ok
test_task27_exhaustive_profile_validator_and_emitter_negative_closure (tests.test_typed_generator.Task27PerlinTests.test_task27_exhaustive_profile_validator_and_emitter_negative_closure) ... ok
test_task27_generation_is_exact_single_program_delta_from_task26 (tests.test_typed_generator.Task27PerlinTests.test_task27_generation_is_exact_single_program_delta_from_task26) ... ok
test_task27_generation_wires_exact_profile_manifest_and_catalog (tests.test_typed_generator.Task27PerlinTests.test_task27_generation_wires_exact_profile_manifest_and_catalog) ... ok
test_task27_profile_authenticates_only_exact_nested_scalar_uint_xor (tests.test_typed_generator.Task27PerlinTests.test_task27_profile_authenticates_only_exact_nested_scalar_uint_xor) ... ok
test_task27_slice_schema_has_exact_single_perlin_carrier_and_census (tests.test_typed_generator.Task27PerlinTests.test_task27_slice_schema_has_exact_single_perlin_carrier_and_census) ... ok
test_task27_validator_admits_only_authenticated_scalar_xor_objects (tests.test_typed_generator.Task27PerlinTests.test_task27_validator_admits_only_authenticated_scalar_xor_objects) ... ok
test_task28_analyzer_produced_code_shape_alternatives_reject_every_boundary (tests.test_typed_generator.Task28RotateMat2ReturnTests.test_task28_analyzer_produced_code_shape_alternatives_reject_every_boundary) ... ok
test_task28_cpp_tables_are_exact_executable_frozen_transcription (tests.test_typed_generator.Task28RotateMat2ReturnTests.test_task28_cpp_tables_are_exact_executable_frozen_transcription) ... ok
test_task28_emitter_rejects_foreign_matrix_programs_for_every_carrier (tests.test_typed_generator.Task28RotateMat2ReturnTests.test_task28_emitter_rejects_foreign_matrix_programs_for_every_carrier)
A foreign key must never inherit Rotate's matrix-emission capability. ... ok
test_task28_exhaustive_single_axis_negative_closure (tests.test_typed_generator.Task28RotateMat2ReturnTests.test_task28_exhaustive_single_axis_negative_closure) ... ok
test_task28_full_carrier_caller_numeric_define_and_identity_matrix (tests.test_typed_generator.Task28RotateMat2ReturnTests.test_task28_full_carrier_caller_numeric_define_and_identity_matrix) ... ok
test_task28_profile_validator_and_emitter_exact_identity (tests.test_typed_generator.Task28RotateMat2ReturnTests.test_task28_profile_validator_and_emitter_exact_identity) ... ok
test_task28_schema_generation_and_task27_reconstruction (tests.test_typed_generator.Task28RotateMat2ReturnTests.test_task28_schema_generation_and_task27_reconstruction) ... ok
test_task29_analyzer_produced_sampler_and_call_shape_alternatives_reject_every_boundary (tests.test_typed_generator.Task29FocusBlurBorrowedSamplerTests.test_task29_analyzer_produced_sampler_and_call_shape_alternatives_reject_every_boundary) ... ok
test_task29_complete_call_ancestry_move_copy_swap_and_predicate_controls_reject (tests.test_typed_generator.Task29FocusBlurBorrowedSamplerTests.test_task29_complete_call_ancestry_move_copy_swap_and_predicate_controls_reject) ... ok
test_task29_cpp_tables_switch_helpers_and_witnesses_are_exact_frozen_transcription (tests.test_typed_generator.Task29FocusBlurBorrowedSamplerTests.test_task29_cpp_tables_switch_helpers_and_witnesses_are_exact_frozen_transcription) ... ok
test_task29_exact_profile_owns_complete_candidate_ancestry_and_emits_narrow_abi (tests.test_typed_generator.Task29FocusBlurBorrowedSamplerTests.test_task29_exact_profile_owns_complete_candidate_ancestry_and_emits_narrow_abi) ... ok
test_task29_exhaustive_single_axis_protected_coordinate_negative_closure (tests.test_typed_generator.Task29FocusBlurBorrowedSamplerTests.test_task29_exhaustive_single_axis_protected_coordinate_negative_closure) ... ok
test_task29_full_carrier_caller_numeric_defines_and_coexistence_matrix (tests.test_typed_generator.Task29FocusBlurBorrowedSamplerTests.test_task29_full_carrier_caller_numeric_defines_and_coexistence_matrix) ... ok
test_task29_schema_counts_hashes_and_real_task28_reconstruction_isolation (tests.test_typed_generator.Task29FocusBlurBorrowedSamplerTests.test_task29_schema_counts_hashes_and_real_task28_reconstruction_isolation) ... ok
test_task30_capability_and_type_vocabulary_are_identity_scoped_not_widened (tests.test_typed_generator.Task30ExtrudeBvec2RelationalReductionTests.test_task30_capability_and_type_vocabulary_are_identity_scoped_not_widened) ... ok
test_task30_exact_profile_authenticates_frozen_closure_and_narrow_abi_emission (tests.test_typed_generator.Task30ExtrudeBvec2RelationalReductionTests.test_task30_exact_profile_authenticates_frozen_closure_and_narrow_abi_emission) ... ok
test_task30_exhaustive_single_axis_structural_mutations_reject_at_all_three_authorities (tests.test_typed_generator.Task30ExtrudeBvec2RelationalReductionTests.test_task30_exhaustive_single_axis_structural_mutations_reject_at_all_three_authorities) ... ok
test_task30_history_coexistence_and_live_schema_matches_130_program_state (tests.test_typed_generator.Task30ExtrudeBvec2RelationalReductionTests.test_task30_history_coexistence_and_live_schema_matches_130_program_state) ... ok
test_task30_native_executable_tables_are_exact_frozen_transcription_and_tamper_sensitive (tests.test_typed_generator.Task30ExtrudeBvec2RelationalReductionTests.test_task30_native_executable_tables_are_exact_frozen_transcription_and_tamper_sensitive) ... ok
test_task30_node_level_closure_logic_rejects_past_the_coarse_hash_gate (tests.test_typed_generator.Task30ExtrudeBvec2RelationalReductionTests.test_task30_node_level_closure_logic_rejects_past_the_coarse_hash_gate)
The profile's node-walk/pairing/typing logic must itself reject. ... ok
test_task30_removing_only_extrude_regenerates_task29_outputs_byte_for_byte (tests.test_typed_generator.Task30ExtrudeBvec2RelationalReductionTests.test_task30_removing_only_extrude_regenerates_task29_outputs_byte_for_byte) ... ok
test_task30_validator_and_emitter_authenticate_independently_without_trusting_each_other (tests.test_typed_generator.Task30ExtrudeBvec2RelationalReductionTests.test_task30_validator_and_emitter_authenticate_independently_without_trusting_each_other) ... ok
test_task31_capability_and_type_vocabulary_are_identity_scoped_not_widened (tests.test_typed_generator.Task31CurlVectorMathTests.test_task31_capability_and_type_vocabulary_are_identity_scoped_not_widened) ... ok
test_task31_exact_profile_authenticates_frozen_closure_and_narrow_abi_emission (tests.test_typed_generator.Task31CurlVectorMathTests.test_task31_exact_profile_authenticates_frozen_closure_and_narrow_abi_emission) ... ok
test_task31_exhaustive_single_axis_structural_mutations_reject_at_all_three_authorities (tests.test_typed_generator.Task31CurlVectorMathTests.test_task31_exhaustive_single_axis_structural_mutations_reject_at_all_three_authorities) ... ok
test_task31_history_live_schema_ordinal_and_vendored_oracle_match_131_program_state (tests.test_typed_generator.Task31CurlVectorMathTests.test_task31_history_live_schema_ordinal_and_vendored_oracle_match_131_program_state) ... ok
test_task31_node_level_closure_logic_rejects_past_the_coarse_hash_gate (tests.test_typed_generator.Task31CurlVectorMathTests.test_task31_node_level_closure_logic_rejects_past_the_coarse_hash_gate)
The profile's node-walk/typing logic must itself reject. ... ok
test_task31_removing_only_curl_regenerates_task30_outputs_byte_for_byte (tests.test_typed_generator.Task31CurlVectorMathTests.test_task31_removing_only_curl_regenerates_task30_outputs_byte_for_byte) ... ok
test_task31_validator_and_emitter_authenticate_independently_without_trusting_each_other (tests.test_typed_generator.Task31CurlVectorMathTests.test_task31_validator_and_emitter_authenticate_independently_without_trusting_each_other) ... ok
test_task32_authenticates_frozen_index_expression_sites_for_six_programs (tests.test_typed_generator.Task32GradeClusterTests.test_task32_authenticates_frozen_index_expression_sites_for_six_programs) ... ok
test_task32_authenticates_frozen_luma_weights_for_five_programs (tests.test_typed_generator.Task32GradeClusterTests.test_task32_authenticates_frozen_luma_weights_for_five_programs) ... ok
test_task32_capability_vocabulary_stays_frozen_at_forty_four_entries (tests.test_typed_generator.Task32GradeClusterTests.test_task32_capability_vocabulary_stays_frozen_at_forty_four_entries) ... ok
test_task32_emitted_primary_shows_narrow_global_and_index_lowering (tests.test_typed_generator.Task32GradeClusterTests.test_task32_emitted_primary_shows_narrow_global_and_index_lowering) ... ok
test_task32_hslsecondary_luma_weights_is_structurally_validated_only (tests.test_typed_generator.Task32GradeClusterTests.test_task32_hslsecondary_luma_weights_is_structurally_validated_only)
Disclosure: `hslSecondary`'s LUMA_WEIGHTS type-checks (admission ... ok
test_task32_index_expression_node_level_logic_rejects_past_the_coarse_hash_gate (tests.test_typed_generator.Task32GradeClusterTests.test_task32_index_expression_node_level_logic_rejects_past_the_coarse_hash_gate)
The single-axis rejection above is absorbed by the coarse ... ok
test_task32_luma_weights_node_level_logic_rejects_past_the_coarse_hash_gate (tests.test_typed_generator.Task32GradeClusterTests.test_task32_luma_weights_node_level_logic_rejects_past_the_coarse_hash_gate)
Sibling of the index-track coarse-gate-bypass test above, for the ... ok
test_task32_no_history_collision_and_fresh_capability_and_type_tuples (tests.test_typed_generator.Task32GradeClusterTests.test_task32_no_history_collision_and_fresh_capability_and_type_tuples) ... ok
test_task32_ordinal_blast_radius_removing_six_grade_keys_reconstructs_task31 (tests.test_typed_generator.Task32GradeClusterTests.test_task32_ordinal_blast_radius_removing_six_grade_keys_reconstructs_task31)
Removing all six grade keys from the live typed list must ... ok
test_task32_rejects_wrong_profile_hash_and_foreign_key_for_both_tracks (tests.test_typed_generator.Task32GradeClusterTests.test_task32_rejects_wrong_profile_hash_and_foreign_key_for_both_tracks) ... ok
test_task32_validator_and_emitter_require_both_profiles_where_expected (tests.test_typed_generator.Task32GradeClusterTests.test_task32_validator_and_emitter_require_both_profiles_where_expected) ... ok
test_allowlist_is_schema_locked_sorted_and_contains_exactly_one_hundred_twenty_six_typed_keys (tests.test_typed_generator.TypedGeneratorTests.test_allowlist_is_schema_locked_sorted_and_contains_exactly_one_hundred_twenty_six_typed_keys) ... FAIL
test_capability_validation_rejects_every_remaining_frontier_family_with_spans (tests.test_typed_generator.TypedGeneratorTests.test_capability_validation_rejects_every_remaining_frontier_family_with_spans) ... ok
test_capability_vocabulary_and_typed_usage_are_fail_closed (tests.test_typed_generator.TypedGeneratorTests.test_capability_vocabulary_and_typed_usage_are_fail_closed) ... ok
test_coalesce_uv_alias_transform_is_symbol_exact_and_cloak_main_scoped (tests.test_typed_generator.TypedGeneratorTests.test_coalesce_uv_alias_transform_is_symbol_exact_and_cloak_main_scoped) ... ok
test_committed_manifest_has_one_hundred_twenty_nine_typed_outputs_without_absolute_paths (tests.test_typed_generator.TypedGeneratorTests.test_committed_manifest_has_one_hundred_twenty_nine_typed_outputs_without_absolute_paths) ... ok
test_compatibility_transform_contract_rejects_extra_keys_and_unknown_modes (tests.test_typed_generator.TypedGeneratorTests.test_compatibility_transform_contract_rejects_extra_keys_and_unknown_modes) ... ok
test_corrupt_alias_transform_is_symbol_exact_and_main_scoped (tests.test_typed_generator.TypedGeneratorTests.test_corrupt_alias_transform_is_symbol_exact_and_main_scoped) ... ok
test_counted_for_v1_accepts_only_exact_proved_headers_and_control (tests.test_typed_generator.TypedGeneratorTests.test_counted_for_v1_accepts_only_exact_proved_headers_and_control) ... ok
test_counted_for_v1_emits_native_for_break_and_continue_without_broad_increment (tests.test_typed_generator.TypedGeneratorTests.test_counted_for_v1_emits_native_for_break_and_continue_without_broad_increment) ... ok
test_counted_for_v1_preserves_plain_array_scalar_map_precision (tests.test_typed_generator.TypedGeneratorTests.test_counted_for_v1_preserves_plain_array_scalar_map_precision) ... ok
test_counted_for_v1_rejects_effective_depth_product_charge_and_call_cycles (tests.test_typed_generator.TypedGeneratorTests.test_counted_for_v1_rejects_effective_depth_product_charge_and_call_cycles) ... ok
test_counted_for_v1_rejects_forged_induction_symbol_in_validator_and_emitter (tests.test_typed_generator.TypedGeneratorTests.test_counted_for_v1_rejects_forged_induction_symbol_in_validator_and_emitter) ... ok
test_counted_for_v1_rejects_header_and_control_near_misses (tests.test_typed_generator.TypedGeneratorTests.test_counted_for_v1_rejects_header_and_control_near_misses) ... ok
test_counted_for_v1_rejects_malformed_control_depth_and_tampered_proofs (tests.test_typed_generator.TypedGeneratorTests.test_counted_for_v1_rejects_malformed_control_depth_and_tampered_proofs) ... ok
test_discarded_local_counter_v1_rejects_adjacent_body_mutations (tests.test_typed_generator.TypedGeneratorTests.test_discarded_local_counter_v1_rejects_adjacent_body_mutations) ... ok
test_discarded_local_counter_v1_rejects_forged_control_tree_at_both_boundaries (tests.test_typed_generator.TypedGeneratorTests.test_discarded_local_counter_v1_rejects_forged_control_tree_at_both_boundaries) ... ok
test_discarded_local_counter_v1_rejects_source_and_frozen_proof_tampering (tests.test_typed_generator.TypedGeneratorTests.test_discarded_local_counter_v1_rejects_source_and_frozen_proof_tampering) ... ok
test_discarded_local_counter_v1_validates_and_emits_only_compute_rank_statement (tests.test_typed_generator.TypedGeneratorTests.test_discarded_local_counter_v1_validates_and_emits_only_compute_rank_statement) ... ok
test_fixed_grid_counter_store_control_index_and_update_forgery_reject_at_both_boundaries (tests.test_typed_generator.TypedGeneratorTests.test_fixed_grid_counter_store_control_index_and_update_forgery_reject_at_both_boundaries) ... ok
test_fixed_grid_counter_store_keeps_refract_and_sacred_geometry_excluded_at_both_boundaries (tests.test_typed_generator.TypedGeneratorTests.test_fixed_grid_counter_store_keeps_refract_and_sacred_geometry_excluded_at_both_boundaries) ... ok
test_fixed_grid_counter_store_provenance_and_whole_program_tampering_reject_at_both_boundaries (tests.test_typed_generator.TypedGeneratorTests.test_fixed_grid_counter_store_provenance_and_whole_program_tampering_reject_at_both_boundaries) ... ok
test_fixed_grid_counter_store_validates_and_emits_only_exact_proved_sites (tests.test_typed_generator.TypedGeneratorTests.test_fixed_grid_counter_store_validates_and_emits_only_exact_proved_sites) ... ok
test_fixed_nine_provenance_rejects_define_and_raw_source_forgery_at_both_boundaries (tests.test_typed_generator.TypedGeneratorTests.test_fixed_nine_provenance_rejects_define_and_raw_source_forgery_at_both_boundaries) ... ok
test_fixed_nine_slice_validates_and_emits_only_exact_proved_tables (tests.test_typed_generator.TypedGeneratorTests.test_fixed_nine_slice_validates_and_emits_only_exact_proved_tables) ... ok
test_fixed_nine_structural_proof_tampering_is_rejected_at_both_boundaries (tests.test_typed_generator.TypedGeneratorTests.test_fixed_nine_structural_proof_tampering_is_rejected_at_both_boundaries) ... ok
test_fixed_nine_whole_program_profile_rejects_binding_resource_and_global_array_forgery (tests.test_typed_generator.TypedGeneratorTests.test_fixed_nine_whole_program_profile_rejects_binding_resource_and_global_array_forgery) ... ok
test_hash_precision_fences_are_structural_and_scatter_is_excluded (tests.test_typed_generator.TypedGeneratorTests.test_hash_precision_fences_are_structural_and_scatter_is_excluded) ... ok
test_integral_call_map_return_preserves_plain_array_scalar_chain (tests.test_typed_generator.TypedGeneratorTests.test_integral_call_map_return_preserves_plain_array_scalar_chain) ... ok
test_integral_vector_call_conversion_materializes_before_arithmetic (tests.test_typed_generator.TypedGeneratorTests.test_integral_vector_call_conversion_materializes_before_arithmetic) ... ok
test_integral_vector_conversion_defers_float_rounding_until_expression_storage (tests.test_typed_generator.TypedGeneratorTests.test_integral_vector_conversion_defers_float_rounding_until_expression_storage) ... ok
test_literal_float_folder_does_not_hide_malformed_or_unsupported_typed_ir (tests.test_typed_generator.TypedGeneratorTests.test_literal_float_folder_does_not_hide_malformed_or_unsupported_typed_ir) ... ok
test_literal_only_float_arithmetic_folds_once_at_canonical_precision (tests.test_typed_generator.TypedGeneratorTests.test_literal_only_float_arithmetic_folds_once_at_canonical_precision) ... ok
test_math_builtins_emit_only_from_typed_calls (tests.test_typed_generator.TypedGeneratorTests.test_math_builtins_emit_only_from_typed_calls) ... ok
test_numeric_literal_contract_rejects_extra_keys_and_unknown_modes (tests.test_typed_generator.TypedGeneratorTests.test_numeric_literal_contract_rejects_extra_keys_and_unknown_modes) ... ok
test_polygon_zero_smoothing_transform_is_exact_and_rejects_near_misses (tests.test_typed_generator.TypedGeneratorTests.test_polygon_zero_smoothing_transform_is_exact_and_rejects_near_misses) ... ok
test_refract_fixed_array_parameter_exclusions_and_task17_task18_regressions (tests.test_typed_generator.TypedGeneratorTests.test_refract_fixed_array_parameter_exclusions_and_task17_task18_regressions) ... ok
test_refract_fixed_array_parameter_rejects_structural_and_forged_proof_mutations_at_both_boundaries (tests.test_typed_generator.TypedGeneratorTests.test_refract_fixed_array_parameter_rejects_structural_and_forged_proof_mutations_at_both_boundaries) ... ok
test_refract_fixed_array_parameter_validates_and_emits_only_exact_owned_sites (tests.test_typed_generator.TypedGeneratorTests.test_refract_fixed_array_parameter_validates_and_emits_only_exact_owned_sites) ... ok
test_refract_truthy_vector_conditionals_transform_is_exact_and_source_locked (tests.test_typed_generator.TypedGeneratorTests.test_refract_truthy_vector_conditionals_transform_is_exact_and_source_locked) ... ok
test_sacred_fixed_affine_centers13_proof_is_exact (tests.test_typed_generator.TypedGeneratorTests.test_sacred_fixed_affine_centers13_proof_is_exact) ... ok
test_sacred_fixed_affine_centers13_proof_rejects_structural_drift (tests.test_typed_generator.TypedGeneratorTests.test_sacred_fixed_affine_centers13_proof_rejects_structural_drift) ... ok
test_sacred_fixed_affine_centers13_validates_and_emits_only_proved_sites (tests.test_typed_generator.TypedGeneratorTests.test_sacred_fixed_affine_centers13_validates_and_emits_only_proved_sites) ... ok
test_sacred_star_number_division_transform_is_exact_and_source_locked (tests.test_typed_generator.TypedGeneratorTests.test_sacred_star_number_division_transform_is_exact_and_source_locked) ... ok
test_sacred_star_number_division_transform_rejects_partial_duplicate_and_drift (tests.test_typed_generator.TypedGeneratorTests.test_sacred_star_number_division_transform_rejects_partial_duplicate_and_drift) ... ok
test_sacred_task20_exclusions_remain_closed (tests.test_typed_generator.TypedGeneratorTests.test_sacred_task20_exclusions_remain_closed) ... ok
test_sacred_task20_tampering_rejects_at_both_boundaries (tests.test_typed_generator.TypedGeneratorTests.test_sacred_task20_tampering_rejects_at_both_boundaries) ... ok
test_scalar_uniforms_preserve_renderer_number_precision_in_generated_state (tests.test_typed_generator.TypedGeneratorTests.test_scalar_uniforms_preserve_renderer_number_precision_in_generated_state) ... ok
test_scoped_blocks_if_else_and_lazy_ternary_emit_from_typed_ir (tests.test_typed_generator.TypedGeneratorTests.test_scoped_blocks_if_else_and_lazy_ternary_emit_from_typed_ir) ... ok
test_shape_mask_sequential_lane_transform_is_function_and_symbol_exact (tests.test_typed_generator.TypedGeneratorTests.test_shape_mask_sequential_lane_transform_is_function_and_symbol_exact) ... ok
test_task11_language_frontier_is_schema_locked_and_fail_closed (tests.test_typed_generator.TypedGeneratorTests.test_task11_language_frontier_is_schema_locked_and_fail_closed) ... ok
test_task11_language_vocabularies_reject_add_remove_and_reordering (tests.test_typed_generator.TypedGeneratorTests.test_task11_language_vocabularies_reject_add_remove_and_reordering) ... ok
test_task11_rejects_adjacent_bitwise_matrix_and_modulo_forms (tests.test_typed_generator.TypedGeneratorTests.test_task11_rejects_adjacent_bitwise_matrix_and_modulo_forms) ... ok
test_task11_uint_multideclaration_and_mat2_emit_from_typed_ir (tests.test_typed_generator.TypedGeneratorTests.test_task11_uint_multideclaration_and_mat2_emit_from_typed_ir) ... ok
test_task12_mod_builtin_is_exactly_vec2_or_scalar_and_emits_glsl_mod (tests.test_typed_generator.TypedGeneratorTests.test_task12_mod_builtin_is_exactly_vec2_or_scalar_and_emits_glsl_mod) ... ok
test_task12_mod_capability_does_not_admit_adjacent_builtins (tests.test_typed_generator.TypedGeneratorTests.test_task12_mod_capability_does_not_admit_adjacent_builtins) ... ok
test_task13_texel_fetch_is_exactly_sampler2d_ivec2_literal_zero (tests.test_typed_generator.TypedGeneratorTests.test_task13_texel_fetch_is_exactly_sampler2d_ivec2_literal_zero) ... ok
test_task14_admits_only_initialized_const_float_source_globals (tests.test_typed_generator.TypedGeneratorTests.test_task14_admits_only_initialized_const_float_source_globals) ... ok
test_task14_const_globals_are_localized_per_function_with_dependency_closure (tests.test_typed_generator.TypedGeneratorTests.test_task14_const_globals_are_localized_per_function_with_dependency_closure) ... ok
test_task14_malformed_typed_globals_fail_both_validator_and_emitter_audits (tests.test_typed_generator.TypedGeneratorTests.test_task14_malformed_typed_globals_fail_both_validator_and_emitter_audits) ... ok
test_task21_adds_no_capability_transform_or_numeric_exception (tests.test_typed_generator.TypedGeneratorTests.test_task21_adds_no_capability_transform_or_numeric_exception) ... ok
test_task21_degauss_exclusions_remain_closed (tests.test_typed_generator.TypedGeneratorTests.test_task21_degauss_exclusions_remain_closed) ... ok
test_task21_degauss_profile_is_exact_and_current_vocabulary (tests.test_typed_generator.TypedGeneratorTests.test_task21_degauss_profile_is_exact_and_current_vocabulary) ... ok
test_task21_degauss_profile_rejects_identity_interface_and_tree_drift (tests.test_typed_generator.TypedGeneratorTests.test_task21_degauss_profile_rejects_identity_interface_and_tree_drift) ... ok
test_task22_adds_only_exact_transform_no_capability_proof_or_numeric_mode (tests.test_typed_generator.TypedGeneratorTests.test_task22_adds_only_exact_transform_no_capability_proof_or_numeric_mode) ... ok
test_task22_crt_exclusions_remain_closed (tests.test_typed_generator.TypedGeneratorTests.test_task22_crt_exclusions_remain_closed) ... FAIL
test_task22_crt_four_mode_forgery_matrix (tests.test_typed_generator.TypedGeneratorTests.test_task22_crt_four_mode_forgery_matrix) ... ok
test_task22_crt_profile_rejects_identity_interface_and_tree_drift (tests.test_typed_generator.TypedGeneratorTests.test_task22_crt_profile_rejects_identity_interface_and_tree_drift) ... ok
test_task22_crt_transform_is_exact (tests.test_typed_generator.TypedGeneratorTests.test_task22_crt_transform_is_exact) ... ok
test_task23_caller_source_hash_has_exact_four_state_boundary (tests.test_typed_generator.TypedGeneratorTests.test_task23_caller_source_hash_has_exact_four_state_boundary) ... ok
test_task23_cpp_canonical_fixture_table_is_an_exact_oracle_transcription (tests.test_typed_generator.TypedGeneratorTests.test_task23_cpp_canonical_fixture_table_is_an_exact_oracle_transcription) ... ok
test_task23_literal_int_profile_is_independently_required_by_validator_and_emitter (tests.test_typed_generator.TypedGeneratorTests.test_task23_literal_int_profile_is_independently_required_by_validator_and_emitter) ... ok
test_task23_rejected_structural_mutations_have_exact_native_sensitivity (tests.test_typed_generator.TypedGeneratorTests.test_task23_rejected_structural_mutations_have_exact_native_sensitivity) ... ok
test_task23_six_key_counts_positions_and_generated_isolation_are_exact (tests.test_typed_generator.TypedGeneratorTests.test_task23_six_key_counts_positions_and_generated_isolation_are_exact) ... ok
test_task23_six_key_generator_emitter_forgery_and_mode_matrix_is_closed (tests.test_typed_generator.TypedGeneratorTests.test_task23_six_key_generator_emitter_forgery_and_mode_matrix_is_closed) ... ok
test_task24_cpp_oracle_table_is_exact_frozen_json_transcription (tests.test_typed_generator.TypedGeneratorTests.test_task24_cpp_oracle_table_is_exact_frozen_json_transcription) ... ok
test_task24_design_section_six_forgery_and_driver_matrix_is_closed (tests.test_typed_generator.TypedGeneratorTests.test_task24_design_section_six_forgery_and_driver_matrix_is_closed) ... ok
test_task24_emitter_initializes_empty_authorization_for_non_gather_programs (tests.test_typed_generator.TypedGeneratorTests.test_task24_emitter_initializes_empty_authorization_for_non_gather_programs) ... ok
test_task24_four_mode_caller_and_complete_profile_forgery_matrix (tests.test_typed_generator.TypedGeneratorTests.test_task24_four_mode_caller_and_complete_profile_forgery_matrix) ... ok
test_task24_gather_sorted_identity_profile_owns_exact_parent_and_round (tests.test_typed_generator.TypedGeneratorTests.test_task24_gather_sorted_identity_profile_owns_exact_parent_and_round) ... ok
test_task24_generation_isolated_to_one_block_manifest_row_and_catalog_entry (tests.test_typed_generator.TypedGeneratorTests.test_task24_generation_isolated_to_one_block_manifest_row_and_catalog_entry) ... ok
test_task24_loader_carries_only_gather_profile_and_generates_one_new_block (tests.test_typed_generator.TypedGeneratorTests.test_task24_loader_carries_only_gather_profile_and_generates_one_new_block) ... ok
test_task24_loader_negative_profile_matrix_is_closed (tests.test_typed_generator.TypedGeneratorTests.test_task24_loader_negative_profile_matrix_is_closed) ... ok
test_task24_rejected_round_and_loop_mutations_have_exact_native_sensitivity (tests.test_typed_generator.TypedGeneratorTests.test_task24_rejected_round_and_loop_mutations_have_exact_native_sensitivity) ... ok
test_task24_resource_contract_is_mechanical_and_mutation_closed (tests.test_typed_generator.TypedGeneratorTests.test_task24_resource_contract_is_mechanical_and_mutation_closed) ... ERROR
test_task25_cpp_native_oracle_table_is_exact_frozen_transcription (tests.test_typed_generator.TypedGeneratorTests.test_task25_cpp_native_oracle_table_is_exact_frozen_transcription) ... ok
test_task25_driver_rejects_patched_profile_disagreement_before_emission (tests.test_typed_generator.TypedGeneratorTests.test_task25_driver_rejects_patched_profile_disagreement_before_emission) ... ok
test_task25_exact_site_shape_origin_and_context_cartesians_are_closed (tests.test_typed_generator.TypedGeneratorTests.test_task25_exact_site_shape_origin_and_context_cartesians_are_closed) ... ok
test_task25_four_modes_and_value_forgery_reject_at_each_boundary (tests.test_typed_generator.TypedGeneratorTests.test_task25_four_modes_and_value_forgery_reject_at_each_boundary) ... ok
test_task25_lens_custom_comparer_profile_is_admitted_with_lane_profile (tests.test_typed_generator.TypedGeneratorTests.test_task25_lens_custom_comparer_profile_is_admitted_with_lane_profile) ... ok
test_task25_lens_custom_comparer_profile_rejects_structural_mutations (tests.test_typed_generator.TypedGeneratorTests.test_task25_lens_custom_comparer_profile_rejects_structural_mutations) ... ok
test_task25_lens_custom_comparer_routes_only_the_tint_predicate (tests.test_typed_generator.TypedGeneratorTests.test_task25_lens_custom_comparer_routes_only_the_tint_predicate) ... ok
test_task25_literal_vec3_lane_profile_authenticates_and_rewrites_exact_sites (tests.test_typed_generator.TypedGeneratorTests.test_task25_literal_vec3_lane_profile_authenticates_and_rewrites_exact_sites) ... ok
test_task25_literal_vec3_lane_profile_rejects_proof_injection_and_nonmain_indexes (tests.test_typed_generator.TypedGeneratorTests.test_task25_literal_vec3_lane_profile_rejects_proof_injection_and_nonmain_indexes) ... ok
test_task25_loader_rejects_transitional_task24_no_carrier_slice (tests.test_typed_generator.TypedGeneratorTests.test_task25_loader_rejects_transitional_task24_no_carrier_slice) ... FAIL
test_task25_loader_schema_admits_only_the_two_later_lane_carriers (tests.test_typed_generator.TypedGeneratorTests.test_task25_loader_schema_admits_only_the_two_later_lane_carriers) ... ok
test_task25_pre_and_exact_raw_post_forgery_cartesians_are_closed (tests.test_typed_generator.TypedGeneratorTests.test_task25_pre_and_exact_raw_post_forgery_cartesians_are_closed) ... ok
test_task25_profiled_emission_uses_only_fixed_hsv_lanes (tests.test_typed_generator.TypedGeneratorTests.test_task25_profiled_emission_uses_only_fixed_hsv_lanes) ... ok
test_task25_real_parser_semantic_resource_and_control_exclusions_are_closed (tests.test_typed_generator.TypedGeneratorTests.test_task25_real_parser_semantic_resource_and_control_exclusions_are_closed) ... ok
test_task25_selected_corpus_identity_drift_rejects_at_real_preflight (tests.test_typed_generator.TypedGeneratorTests.test_task25_selected_corpus_identity_drift_rejects_at_real_preflight) ... ok
test_task25_slice_counts_lists_positions_and_generated_isolation_are_exact (tests.test_typed_generator.TypedGeneratorTests.test_task25_slice_counts_lists_positions_and_generated_isolation_are_exact) ... ok
test_task26_cpp_native_oracle_table_is_exact_frozen_transcription (tests.test_typed_generator.TypedGeneratorTests.test_task26_cpp_native_oracle_table_is_exact_frozen_transcription) ... ok
test_task26_exhaustive_profile_validator_and_emitter_negative_closure (tests.test_typed_generator.TypedGeneratorTests.test_task26_exhaustive_profile_validator_and_emitter_negative_closure) ... ok
test_task26_generation_adds_only_smooth_block_manifest_and_catalog (tests.test_typed_generator.TypedGeneratorTests.test_task26_generation_adds_only_smooth_block_manifest_and_catalog) ... ok
test_task26_generation_driver_rejects_identity_forgery_after_profile_apply (tests.test_typed_generator.TypedGeneratorTests.test_task26_generation_driver_rejects_identity_forgery_after_profile_apply) ... ok
test_task26_loader_admits_only_exact_smooth_carrier_and_census (tests.test_typed_generator.TypedGeneratorTests.test_task26_loader_admits_only_exact_smooth_carrier_and_census) ... ok
test_task26_profile_authenticates_exact_identity_and_rejects_mutations (tests.test_typed_generator.TypedGeneratorTests.test_task26_profile_authenticates_exact_identity_and_rejects_mutations) ... ok
test_task26_validator_and_emitter_independently_authorize_exact_declaration (tests.test_typed_generator.TypedGeneratorTests.test_task26_validator_and_emitter_independently_authorize_exact_declaration) ... ok
test_typed_check_rejects_committed_tamper_and_failed_restore_retains_backup (tests.test_typed_generator.TypedGeneratorTests.test_typed_check_rejects_committed_tamper_and_failed_restore_retains_backup) ... ok
test_typed_emitter_refuses_raw_or_unsupported_nodes_with_program_span (tests.test_typed_generator.TypedGeneratorTests.test_typed_emitter_refuses_raw_or_unsupported_nodes_with_program_span) ... ok
test_typed_generation_is_cwd_independent_and_matches_committed_slice (tests.test_typed_generator.TypedGeneratorTests.test_typed_generation_is_cwd_independent_and_matches_committed_slice) ... ok
test_typed_generator_owns_exact_public_catalog_header (tests.test_typed_generator.TypedGeneratorTests.test_typed_generator_owns_exact_public_catalog_header) ... ok
test_typed_owned_tree_rejects_path_attacks_devices_fifos_and_directories (tests.test_typed_generator.TypedGeneratorTests.test_typed_owned_tree_rejects_path_attacks_devices_fifos_and_directories) ... ok
test_typed_writer_rolls_back_every_swap_step_and_rejects_invalid_owned_targets (tests.test_typed_generator.TypedGeneratorTests.test_typed_writer_rolls_back_every_swap_step_and_rejects_invalid_owned_targets) ... ok
test_vector_arithmetic_rooted_in_builtin_materializes_each_operation (tests.test_typed_generator.TypedGeneratorTests.test_vector_arithmetic_rooted_in_builtin_materializes_each_operation) ... ok
test_vector_builtin_boundary_materializes_plain_binary_operand (tests.test_typed_generator.TypedGeneratorTests.test_vector_builtin_boundary_materializes_plain_binary_operand) ... ok
test_vector_vector_declaration_remains_concrete_storage (tests.test_typed_generator.TypedGeneratorTests.test_vector_vector_declaration_remains_concrete_storage) ... ok

======================================================================
ERROR: test_task24_resource_contract_is_mechanical_and_mutation_closed (tests.test_typed_generator.TypedGeneratorTests.test_task24_resource_contract_is_mechanical_and_mutation_closed)
----------------------------------------------------------------------
Traceback (most recent call last):
  File "tests/test_typed_generator.py", line 1422, in test_task24_resource_contract_is_mechanical_and_mutation_closed
    self.assertEqual(66, audit(block))
                         ~~~~~^^^^^^^
  File "tests/test_typed_generator.py", line 1388, in audit
    raise ValueError("State/binder ABI")
ValueError: State/binder ABI

======================================================================
FAIL: test_allowlist_is_schema_locked_sorted_and_contains_exactly_one_hundred_twenty_six_typed_keys (tests.test_typed_generator.TypedGeneratorTests.test_allowlist_is_schema_locked_sorted_and_contains_exactly_one_hundred_twenty_six_typed_keys)
----------------------------------------------------------------------
Traceback (most recent call last):
  File "tests/test_typed_generator.py", line 4954, in test_allowlist_is_schema_locked_sorted_and_contains_exactly_one_hundred_twenty_six_typed_keys
    self.assertEqual(sorted([*existing, *task15, "filter/pixelSort:computeRank",
    ~~~~~~~~~~~~~~~~^^^^^^^^^^^^^^^^^^^^^^^^^^^^^^^^^^^^^^^^^^^^^^^^^^^^^^^^^^^^
                             "filter/sharpen:sharpen", "filter/sobel:sobel",
                             ^^^^^^^^^^^^^^^^^^^^^^^^^^^^^^^^^^^^^^^^^^^^^^^
    ...<9 lines>...
                             "filter/extrude:extrude", "synth/curl:curl"]),
                             ^^^^^^^^^^^^^^^^^^^^^^^^^^^^^^^^^^^^^^^^^^^^^^
                     [entry["program_key"] for entry in slice_spec["programs"]])
                     ^^^^^^^^^^^^^^^^^^^^^^^^^^^^^^^^^^^^^^^^^^^^^^^^^^^^^^^^^^^
AssertionError: Lists differ: ['cla[885 chars]lter/hatch:hatch', 'filter/highPass:hpBlurH', [2789 chars]ide'] != ['cla[885 chars]lter/grade:creative', 'filter/grade:hslSeconda[2935 chars]ide']

First differing element 29:
'filter/hatch:hatch'
'filter/grade:creative'

Second list contains 6 additional elements.
First extra element 131:
'synth/osc2d:osc2d'

Diff is 4287 characters long. Set self.maxDiff to None to see it.

======================================================================
FAIL: test_task22_crt_exclusions_remain_closed (tests.test_typed_generator.TypedGeneratorTests.test_task22_crt_exclusions_remain_closed)
----------------------------------------------------------------------
Traceback (most recent call last):
  File "tests/test_typed_generator.py", line 8775, in test_task22_crt_exclusions_remain_closed
    self.assertEqual((116, 118, 94, 212),
    ~~~~~~~~~~~~~~~~^^^^^^^^^^^^^^^^^^^^^
                     (len(task22_keys), len(task22_public),
                     ^^^^^^^^^^^^^^^^^^^^^^^^^^^^^^^^^^^^^^
                      len(task22_unported), len(manifest["programs"])))
                      ^^^^^^^^^^^^^^^^^^^^^^^^^^^^^^^^^^^^^^^^^^^^^^^^^
AssertionError: Tuples differ: (116, 118, 94, 212) != (122, 124, 88, 212)

First differing element 0:
116
122

- (116, 118, 94, 212)
+ (122, 124, 88, 212)

======================================================================
FAIL: test_task25_loader_rejects_transitional_task24_no_carrier_slice (tests.test_typed_generator.TypedGeneratorTests.test_task25_loader_rejects_transitional_task24_no_carrier_slice)
----------------------------------------------------------------------
Traceback (most recent call last):
  File "tests/test_typed_generator.py", line 9201, in test_task25_loader_rejects_transitional_task24_no_carrier_slice
    self.assertEqual(123, len(task24["programs"]))
    ~~~~~~~~~~~~~~~~^^^^^^^^^^^^^^^^^^^^^^^^^^^^^^
AssertionError: 123 != 129

----------------------------------------------------------------------
Ran 164 tests in 1325.086s

FAILED (failures=3, errors=1)
EXIT=1
