test_allowlist_is_schema_locked_sorted_and_contains_exactly_one_hundred_twenty_six_typed_keys (tests.test_typed_generator.TypedGeneratorTests.test_allowlist_is_schema_locked_sorted_and_contains_exactly_one_hundred_twenty_six_typed_keys) ... [32mok[0m
test_capability_validation_rejects_every_remaining_frontier_family_with_spans (tests.test_typed_generator.TypedGeneratorTests.test_capability_validation_rejects_every_remaining_frontier_family_with_spans) ... [32mok[0m
test_capability_vocabulary_and_typed_usage_are_fail_closed (tests.test_typed_generator.TypedGeneratorTests.test_capability_vocabulary_and_typed_usage_are_fail_closed) ... [32mok[0m
test_coalesce_uv_alias_transform_is_symbol_exact_and_cloak_main_scoped (tests.test_typed_generator.TypedGeneratorTests.test_coalesce_uv_alias_transform_is_symbol_exact_and_cloak_main_scoped) ... [32mok[0m
test_committed_manifest_has_one_hundred_twenty_nine_typed_outputs_without_absolute_paths (tests.test_typed_generator.TypedGeneratorTests.test_committed_manifest_has_one_hundred_twenty_nine_typed_outputs_without_absolute_paths) ... [32mok[0m
test_compatibility_transform_contract_rejects_extra_keys_and_unknown_modes (tests.test_typed_generator.TypedGeneratorTests.test_compatibility_transform_contract_rejects_extra_keys_and_unknown_modes) ... [32mok[0m
test_corrupt_alias_transform_is_symbol_exact_and_main_scoped (tests.test_typed_generator.TypedGeneratorTests.test_corrupt_alias_transform_is_symbol_exact_and_main_scoped) ... [32mok[0m
test_counted_for_v1_accepts_only_exact_proved_headers_and_control (tests.test_typed_generator.TypedGeneratorTests.test_counted_for_v1_accepts_only_exact_proved_headers_and_control) ... [32mok[0m
test_counted_for_v1_emits_native_for_break_and_continue_without_broad_increment (tests.test_typed_generator.TypedGeneratorTests.test_counted_for_v1_emits_native_for_break_and_continue_without_broad_increment) ... [32mok[0m
test_counted_for_v1_preserves_plain_array_scalar_map_precision (tests.test_typed_generator.TypedGeneratorTests.test_counted_for_v1_preserves_plain_array_scalar_map_precision) ... [32mok[0m
test_counted_for_v1_rejects_effective_depth_product_charge_and_call_cycles (tests.test_typed_generator.TypedGeneratorTests.test_counted_for_v1_rejects_effective_depth_product_charge_and_call_cycles) ... [32mok[0m
test_counted_for_v1_rejects_forged_induction_symbol_in_validator_and_emitter (tests.test_typed_generator.TypedGeneratorTests.test_counted_for_v1_rejects_forged_induction_symbol_in_validator_and_emitter) ... [32mok[0m
test_counted_for_v1_rejects_header_and_control_near_misses (tests.test_typed_generator.TypedGeneratorTests.test_counted_for_v1_rejects_header_and_control_near_misses) ... [32mok[0m
test_counted_for_v1_rejects_malformed_control_depth_and_tampered_proofs (tests.test_typed_generator.TypedGeneratorTests.test_counted_for_v1_rejects_malformed_control_depth_and_tampered_proofs) ... [32mok[0m
test_discarded_local_counter_v1_rejects_adjacent_body_mutations (tests.test_typed_generator.TypedGeneratorTests.test_discarded_local_counter_v1_rejects_adjacent_body_mutations) ... [32mok[0m
test_discarded_local_counter_v1_rejects_forged_control_tree_at_both_boundaries (tests.test_typed_generator.TypedGeneratorTests.test_discarded_local_counter_v1_rejects_forged_control_tree_at_both_boundaries) ... [32mok[0m
test_discarded_local_counter_v1_rejects_source_and_frozen_proof_tampering (tests.test_typed_generator.TypedGeneratorTests.test_discarded_local_counter_v1_rejects_source_and_frozen_proof_tampering) ... [32mok[0m
test_discarded_local_counter_v1_validates_and_emits_only_compute_rank_statement (tests.test_typed_generator.TypedGeneratorTests.test_discarded_local_counter_v1_validates_and_emits_only_compute_rank_statement) ... [32mok[0m
test_fixed_grid_counter_store_control_index_and_update_forgery_reject_at_both_boundaries (tests.test_typed_generator.TypedGeneratorTests.test_fixed_grid_counter_store_control_index_and_update_forgery_reject_at_both_boundaries) ... [32mok[0m
test_fixed_grid_counter_store_keeps_refract_and_sacred_geometry_excluded_at_both_boundaries (tests.test_typed_generator.TypedGeneratorTests.test_fixed_grid_counter_store_keeps_refract_and_sacred_geometry_excluded_at_both_boundaries) ... [32mok[0m
test_fixed_grid_counter_store_provenance_and_whole_program_tampering_reject_at_both_boundaries (tests.test_typed_generator.TypedGeneratorTests.test_fixed_grid_counter_store_provenance_and_whole_program_tampering_reject_at_both_boundaries) ... [32mok[0m
test_fixed_grid_counter_store_validates_and_emits_only_exact_proved_sites (tests.test_typed_generator.TypedGeneratorTests.test_fixed_grid_counter_store_validates_and_emits_only_exact_proved_sites) ... [32mok[0m
test_fixed_nine_provenance_rejects_define_and_raw_source_forgery_at_both_boundaries (tests.test_typed_generator.TypedGeneratorTests.test_fixed_nine_provenance_rejects_define_and_raw_source_forgery_at_both_boundaries) ... [32mok[0m
test_fixed_nine_slice_validates_and_emits_only_exact_proved_tables (tests.test_typed_generator.TypedGeneratorTests.test_fixed_nine_slice_validates_and_emits_only_exact_proved_tables) ... [32mok[0m
test_fixed_nine_structural_proof_tampering_is_rejected_at_both_boundaries (tests.test_typed_generator.TypedGeneratorTests.test_fixed_nine_structural_proof_tampering_is_rejected_at_both_boundaries) ... [32mok[0m
test_fixed_nine_whole_program_profile_rejects_binding_resource_and_global_array_forgery (tests.test_typed_generator.TypedGeneratorTests.test_fixed_nine_whole_program_profile_rejects_binding_resource_and_global_array_forgery) ... [32mok[0m
test_hash_precision_fences_are_structural_and_scatter_is_excluded (tests.test_typed_generator.TypedGeneratorTests.test_hash_precision_fences_are_structural_and_scatter_is_excluded) ... [32mok[0m
test_integral_call_map_return_preserves_plain_array_scalar_chain (tests.test_typed_generator.TypedGeneratorTests.test_integral_call_map_return_preserves_plain_array_scalar_chain) ... [32mok[0m
test_integral_vector_call_conversion_materializes_before_arithmetic (tests.test_typed_generator.TypedGeneratorTests.test_integral_vector_call_conversion_materializes_before_arithmetic) ... [32mok[0m
test_integral_vector_conversion_defers_float_rounding_until_expression_storage (tests.test_typed_generator.TypedGeneratorTests.test_integral_vector_conversion_defers_float_rounding_until_expression_storage) ... [32mok[0m
test_literal_float_folder_does_not_hide_malformed_or_unsupported_typed_ir (tests.test_typed_generator.TypedGeneratorTests.test_literal_float_folder_does_not_hide_malformed_or_unsupported_typed_ir) ... [32mok[0m
test_literal_only_float_arithmetic_folds_once_at_canonical_precision (tests.test_typed_generator.TypedGeneratorTests.test_literal_only_float_arithmetic_folds_once_at_canonical_precision) ... [32mok[0m
test_math_builtins_emit_only_from_typed_calls (tests.test_typed_generator.TypedGeneratorTests.test_math_builtins_emit_only_from_typed_calls) ... [32mok[0m
test_numeric_literal_contract_rejects_extra_keys_and_unknown_modes (tests.test_typed_generator.TypedGeneratorTests.test_numeric_literal_contract_rejects_extra_keys_and_unknown_modes) ... [32mok[0m
test_polygon_zero_smoothing_transform_is_exact_and_rejects_near_misses (tests.test_typed_generator.TypedGeneratorTests.test_polygon_zero_smoothing_transform_is_exact_and_rejects_near_misses) ... [32mok[0m
test_refract_fixed_array_parameter_exclusions_and_task17_task18_regressions (tests.test_typed_generator.TypedGeneratorTests.test_refract_fixed_array_parameter_exclusions_and_task17_task18_regressions) ... [32mok[0m
test_refract_fixed_array_parameter_rejects_structural_and_forged_proof_mutations_at_both_boundaries (tests.test_typed_generator.TypedGeneratorTests.test_refract_fixed_array_parameter_rejects_structural_and_forged_proof_mutations_at_both_boundaries) ... [32mok[0m
test_refract_fixed_array_parameter_validates_and_emits_only_exact_owned_sites (tests.test_typed_generator.TypedGeneratorTests.test_refract_fixed_array_parameter_validates_and_emits_only_exact_owned_sites) ... [32mok[0m
test_refract_truthy_vector_conditionals_transform_is_exact_and_source_locked (tests.test_typed_generator.TypedGeneratorTests.test_refract_truthy_vector_conditionals_transform_is_exact_and_source_locked) ... [32mok[0m
test_sacred_fixed_affine_centers13_proof_is_exact (tests.test_typed_generator.TypedGeneratorTests.test_sacred_fixed_affine_centers13_proof_is_exact) ... [32mok[0m
test_sacred_fixed_affine_centers13_proof_rejects_structural_drift (tests.test_typed_generator.TypedGeneratorTests.test_sacred_fixed_affine_centers13_proof_rejects_structural_drift) ... [32mok[0m
test_sacred_fixed_affine_centers13_validates_and_emits_only_proved_sites (tests.test_typed_generator.TypedGeneratorTests.test_sacred_fixed_affine_centers13_validates_and_emits_only_proved_sites) ... [32mok[0m
test_sacred_star_number_division_transform_is_exact_and_source_locked (tests.test_typed_generator.TypedGeneratorTests.test_sacred_star_number_division_transform_is_exact_and_source_locked) ... [32mok[0m
test_sacred_star_number_division_transform_rejects_partial_duplicate_and_drift (tests.test_typed_generator.TypedGeneratorTests.test_sacred_star_number_division_transform_rejects_partial_duplicate_and_drift) ... [32mok[0m
test_sacred_task20_exclusions_remain_closed (tests.test_typed_generator.TypedGeneratorTests.test_sacred_task20_exclusions_remain_closed) ... [32mok[0m
test_sacred_task20_tampering_rejects_at_both_boundaries (tests.test_typed_generator.TypedGeneratorTests.test_sacred_task20_tampering_rejects_at_both_boundaries) ... [32mok[0m
test_scalar_uniforms_preserve_renderer_number_precision_in_generated_state (tests.test_typed_generator.TypedGeneratorTests.test_scalar_uniforms_preserve_renderer_number_precision_in_generated_state) ... [32mok[0m
test_scoped_blocks_if_else_and_lazy_ternary_emit_from_typed_ir (tests.test_typed_generator.TypedGeneratorTests.test_scoped_blocks_if_else_and_lazy_ternary_emit_from_typed_ir) ... [32mok[0m
test_shape_mask_sequential_lane_transform_is_function_and_symbol_exact (tests.test_typed_generator.TypedGeneratorTests.test_shape_mask_sequential_lane_transform_is_function_and_symbol_exact) ... [32mok[0m
test_task11_language_frontier_is_schema_locked_and_fail_closed (tests.test_typed_generator.TypedGeneratorTests.test_task11_language_frontier_is_schema_locked_and_fail_closed) ... [32mok[0m
test_task11_language_vocabularies_reject_add_remove_and_reordering (tests.test_typed_generator.TypedGeneratorTests.test_task11_language_vocabularies_reject_add_remove_and_reordering) ... [32mok[0m
test_task11_rejects_adjacent_bitwise_matrix_and_modulo_forms (tests.test_typed_generator.TypedGeneratorTests.test_task11_rejects_adjacent_bitwise_matrix_and_modulo_forms) ... [32mok[0m
test_task11_uint_multideclaration_and_mat2_emit_from_typed_ir (tests.test_typed_generator.TypedGeneratorTests.test_task11_uint_multideclaration_and_mat2_emit_from_typed_ir) ... [32mok[0m
test_task12_mod_builtin_is_exactly_vec2_or_scalar_and_emits_glsl_mod (tests.test_typed_generator.TypedGeneratorTests.test_task12_mod_builtin_is_exactly_vec2_or_scalar_and_emits_glsl_mod) ... [32mok[0m
test_task12_mod_capability_does_not_admit_adjacent_builtins (tests.test_typed_generator.TypedGeneratorTests.test_task12_mod_capability_does_not_admit_adjacent_builtins) ... [32mok[0m
test_task13_texel_fetch_is_exactly_sampler2d_ivec2_literal_zero (tests.test_typed_generator.TypedGeneratorTests.test_task13_texel_fetch_is_exactly_sampler2d_ivec2_literal_zero) ... [32mok[0m
test_task14_admits_only_initialized_const_float_source_globals (tests.test_typed_generator.TypedGeneratorTests.test_task14_admits_only_initialized_const_float_source_globals) ... [32mok[0m
test_task14_const_globals_are_localized_per_function_with_dependency_closure (tests.test_typed_generator.TypedGeneratorTests.test_task14_const_globals_are_localized_per_function_with_dependency_closure) ... [32mok[0m
test_task14_malformed_typed_globals_fail_both_validator_and_emitter_audits (tests.test_typed_generator.TypedGeneratorTests.test_task14_malformed_typed_globals_fail_both_validator_and_emitter_audits) ... [32mok[0m
test_task21_adds_no_capability_transform_or_numeric_exception (tests.test_typed_generator.TypedGeneratorTests.test_task21_adds_no_capability_transform_or_numeric_exception) ... [32mok[0m
test_task21_degauss_exclusions_remain_closed (tests.test_typed_generator.TypedGeneratorTests.test_task21_degauss_exclusions_remain_closed) ... [32mok[0m
test_task21_degauss_profile_is_exact_and_current_vocabulary (tests.test_typed_generator.TypedGeneratorTests.test_task21_degauss_profile_is_exact_and_current_vocabulary) ... [32mok[0m
test_task21_degauss_profile_rejects_identity_interface_and_tree_drift (tests.test_typed_generator.TypedGeneratorTests.test_task21_degauss_profile_rejects_identity_interface_and_tree_drift) ... [32mok[0m
test_task22_adds_only_exact_transform_no_capability_proof_or_numeric_mode (tests.test_typed_generator.TypedGeneratorTests.test_task22_adds_only_exact_transform_no_capability_proof_or_numeric_mode) ... [32mok[0m
test_task22_crt_exclusions_remain_closed (tests.test_typed_generator.TypedGeneratorTests.test_task22_crt_exclusions_remain_closed) ... [32mok[0m
test_task22_crt_four_mode_forgery_matrix (tests.test_typed_generator.TypedGeneratorTests.test_task22_crt_four_mode_forgery_matrix) ... [32mok[0m
test_task22_crt_profile_rejects_identity_interface_and_tree_drift (tests.test_typed_generator.TypedGeneratorTests.test_task22_crt_profile_rejects_identity_interface_and_tree_drift) ... [32mok[0m
test_task22_crt_transform_is_exact (tests.test_typed_generator.TypedGeneratorTests.test_task22_crt_transform_is_exact) ... [32mok[0m
test_task23_caller_source_hash_has_exact_four_state_boundary (tests.test_typed_generator.TypedGeneratorTests.test_task23_caller_source_hash_has_exact_four_state_boundary) ... [32mok[0m
test_task23_cpp_canonical_fixture_table_is_an_exact_oracle_transcription (tests.test_typed_generator.TypedGeneratorTests.test_task23_cpp_canonical_fixture_table_is_an_exact_oracle_transcription) ... [32mok[0m
test_task23_literal_int_profile_is_independently_required_by_validator_and_emitter (tests.test_typed_generator.TypedGeneratorTests.test_task23_literal_int_profile_is_independently_required_by_validator_and_emitter) ... [32mok[0m
test_task23_rejected_structural_mutations_have_exact_native_sensitivity (tests.test_typed_generator.TypedGeneratorTests.test_task23_rejected_structural_mutations_have_exact_native_sensitivity) ... [32mok[0m
test_task23_six_key_counts_positions_and_generated_isolation_are_exact (tests.test_typed_generator.TypedGeneratorTests.test_task23_six_key_counts_positions_and_generated_isolation_are_exact) ... [32mok[0m
test_task23_six_key_generator_emitter_forgery_and_mode_matrix_is_closed (tests.test_typed_generator.TypedGeneratorTests.test_task23_six_key_generator_emitter_forgery_and_mode_matrix_is_closed) ... [32mok[0m
test_task24_cpp_oracle_table_is_exact_frozen_json_transcription (tests.test_typed_generator.TypedGeneratorTests.test_task24_cpp_oracle_table_is_exact_frozen_json_transcription) ... [32mok[0m
test_task24_design_section_six_forgery_and_driver_matrix_is_closed (tests.test_typed_generator.TypedGeneratorTests.test_task24_design_section_six_forgery_and_driver_matrix_is_closed) ... [32mok[0m
test_task24_emitter_initializes_empty_authorization_for_non_gather_programs (tests.test_typed_generator.TypedGeneratorTests.test_task24_emitter_initializes_empty_authorization_for_non_gather_programs) ... [32mok[0m
test_task24_four_mode_caller_and_complete_profile_forgery_matrix (tests.test_typed_generator.TypedGeneratorTests.test_task24_four_mode_caller_and_complete_profile_forgery_matrix) ... [32mok[0m
test_task24_gather_sorted_identity_profile_owns_exact_parent_and_round (tests.test_typed_generator.TypedGeneratorTests.test_task24_gather_sorted_identity_profile_owns_exact_parent_and_round) ... [32mok[0m
test_task24_generation_isolated_to_one_block_manifest_row_and_catalog_entry (tests.test_typed_generator.TypedGeneratorTests.test_task24_generation_isolated_to_one_block_manifest_row_and_catalog_entry) ... [32mok[0m
test_task24_loader_carries_only_gather_profile_and_generates_one_new_block (tests.test_typed_generator.TypedGeneratorTests.test_task24_loader_carries_only_gather_profile_and_generates_one_new_block) ... [32mok[0m
test_task24_loader_negative_profile_matrix_is_closed (tests.test_typed_generator.TypedGeneratorTests.test_task24_loader_negative_profile_matrix_is_closed) ... [32mok[0m
test_task24_rejected_round_and_loop_mutations_have_exact_native_sensitivity (tests.test_typed_generator.TypedGeneratorTests.test_task24_rejected_round_and_loop_mutations_have_exact_native_sensitivity) ... [32mok[0m
test_task24_resource_contract_is_mechanical_and_mutation_closed (tests.test_typed_generator.TypedGeneratorTests.test_task24_resource_contract_is_mechanical_and_mutation_closed) ... [32mok[0m
test_task25_cpp_native_oracle_table_is_exact_frozen_transcription (tests.test_typed_generator.TypedGeneratorTests.test_task25_cpp_native_oracle_table_is_exact_frozen_transcription) ... [32mok[0m
test_task25_driver_rejects_patched_profile_disagreement_before_emission (tests.test_typed_generator.TypedGeneratorTests.test_task25_driver_rejects_patched_profile_disagreement_before_emission) ... [32mok[0m
test_task25_exact_site_shape_origin_and_context_cartesians_are_closed (tests.test_typed_generator.TypedGeneratorTests.test_task25_exact_site_shape_origin_and_context_cartesians_are_closed) ... [32mok[0m
test_task25_four_modes_and_value_forgery_reject_at_each_boundary (tests.test_typed_generator.TypedGeneratorTests.test_task25_four_modes_and_value_forgery_reject_at_each_boundary) ... [32mok[0m
test_task25_lens_custom_comparer_profile_is_admitted_with_lane_profile (tests.test_typed_generator.TypedGeneratorTests.test_task25_lens_custom_comparer_profile_is_admitted_with_lane_profile) ... [32mok[0m
test_task25_lens_custom_comparer_profile_rejects_structural_mutations (tests.test_typed_generator.TypedGeneratorTests.test_task25_lens_custom_comparer_profile_rejects_structural_mutations) ... [32mok[0m
test_task25_lens_custom_comparer_routes_only_the_tint_predicate (tests.test_typed_generator.TypedGeneratorTests.test_task25_lens_custom_comparer_routes_only_the_tint_predicate) ... [32mok[0m
test_task25_literal_vec3_lane_profile_authenticates_and_rewrites_exact_sites (tests.test_typed_generator.TypedGeneratorTests.test_task25_literal_vec3_lane_profile_authenticates_and_rewrites_exact_sites) ... [32mok[0m
test_task25_literal_vec3_lane_profile_rejects_proof_injection_and_nonmain_indexes (tests.test_typed_generator.TypedGeneratorTests.test_task25_literal_vec3_lane_profile_rejects_proof_injection_and_nonmain_indexes) ... [32mok[0m
test_task25_loader_rejects_transitional_task24_no_carrier_slice (tests.test_typed_generator.TypedGeneratorTests.test_task25_loader_rejects_transitional_task24_no_carrier_slice) ... [32mok[0m
test_task25_loader_schema_admits_only_the_two_later_lane_carriers (tests.test_typed_generator.TypedGeneratorTests.test_task25_loader_schema_admits_only_the_two_later_lane_carriers) ... [32mok[0m
test_task25_pre_and_exact_raw_post_forgery_cartesians_are_closed (tests.test_typed_generator.TypedGeneratorTests.test_task25_pre_and_exact_raw_post_forgery_cartesians_are_closed) ... [32mok[0m
test_task25_profiled_emission_uses_only_fixed_hsv_lanes (tests.test_typed_generator.TypedGeneratorTests.test_task25_profiled_emission_uses_only_fixed_hsv_lanes) ... [32mok[0m
test_task25_real_parser_semantic_resource_and_control_exclusions_are_closed (tests.test_typed_generator.TypedGeneratorTests.test_task25_real_parser_semantic_resource_and_control_exclusions_are_closed) ... [32mok[0m
test_task25_selected_corpus_identity_drift_rejects_at_real_preflight (tests.test_typed_generator.TypedGeneratorTests.test_task25_selected_corpus_identity_drift_rejects_at_real_preflight) ... [32mok[0m
test_task25_slice_counts_lists_positions_and_generated_isolation_are_exact (tests.test_typed_generator.TypedGeneratorTests.test_task25_slice_counts_lists_positions_and_generated_isolation_are_exact) ... [32mok[0m
test_task26_cpp_native_oracle_table_is_exact_frozen_transcription (tests.test_typed_generator.TypedGeneratorTests.test_task26_cpp_native_oracle_table_is_exact_frozen_transcription) ... [32mok[0m
test_task26_exhaustive_profile_validator_and_emitter_negative_closure (tests.test_typed_generator.TypedGeneratorTests.test_task26_exhaustive_profile_validator_and_emitter_negative_closure) ... [32mok[0m
test_task26_generation_adds_only_smooth_block_manifest_and_catalog (tests.test_typed_generator.TypedGeneratorTests.test_task26_generation_adds_only_smooth_block_manifest_and_catalog) ... [32mok[0m
test_task26_generation_driver_rejects_identity_forgery_after_profile_apply (tests.test_typed_generator.TypedGeneratorTests.test_task26_generation_driver_rejects_identity_forgery_after_profile_apply) ... [32mok[0m
test_task26_loader_admits_only_exact_smooth_carrier_and_census (tests.test_typed_generator.TypedGeneratorTests.test_task26_loader_admits_only_exact_smooth_carrier_and_census) ... [32mok[0m
test_task26_profile_authenticates_exact_identity_and_rejects_mutations (tests.test_typed_generator.TypedGeneratorTests.test_task26_profile_authenticates_exact_identity_and_rejects_mutations) ... [32mok[0m
test_task26_validator_and_emitter_independently_authorize_exact_declaration (tests.test_typed_generator.TypedGeneratorTests.test_task26_validator_and_emitter_independently_authorize_exact_declaration) ... [32mok[0m
test_typed_check_rejects_committed_tamper_and_failed_restore_retains_backup (tests.test_typed_generator.TypedGeneratorTests.test_typed_check_rejects_committed_tamper_and_failed_restore_retains_backup) ... [32mok[0m
test_typed_emitter_refuses_raw_or_unsupported_nodes_with_program_span (tests.test_typed_generator.TypedGeneratorTests.test_typed_emitter_refuses_raw_or_unsupported_nodes_with_program_span) ... [32mok[0m
test_typed_generation_is_cwd_independent_and_matches_committed_slice (tests.test_typed_generator.TypedGeneratorTests.test_typed_generation_is_cwd_independent_and_matches_committed_slice) ... [32mok[0m
test_typed_generator_owns_exact_public_catalog_header (tests.test_typed_generator.TypedGeneratorTests.test_typed_generator_owns_exact_public_catalog_header) ... [32mok[0m
test_typed_owned_tree_rejects_path_attacks_devices_fifos_and_directories (tests.test_typed_generator.TypedGeneratorTests.test_typed_owned_tree_rejects_path_attacks_devices_fifos_and_directories) ... [32mok[0m
test_typed_writer_rolls_back_every_swap_step_and_rejects_invalid_owned_targets (tests.test_typed_generator.TypedGeneratorTests.test_typed_writer_rolls_back_every_swap_step_and_rejects_invalid_owned_targets) ... [32mok[0m
test_vector_arithmetic_rooted_in_builtin_materializes_each_operation (tests.test_typed_generator.TypedGeneratorTests.test_vector_arithmetic_rooted_in_builtin_materializes_each_operation) ... [32mok[0m
test_vector_builtin_boundary_materializes_plain_binary_operand (tests.test_typed_generator.TypedGeneratorTests.test_vector_builtin_boundary_materializes_plain_binary_operand) ... [32mok[0m
test_vector_vector_declaration_remains_concrete_storage (tests.test_typed_generator.TypedGeneratorTests.test_vector_vector_declaration_remains_concrete_storage) ... [32mok[0m

----------------------------------------------------------------------
Ran 116 tests in 875.375s

[32mOK[0m
