test_task32_authenticates_frozen_index_expression_sites_for_six_programs (tests.test_typed_generator.Task32GradeClusterTests.test_task32_authenticates_frozen_index_expression_sites_for_six_programs) ... [32mok[0m
test_task32_authenticates_frozen_luma_weights_for_five_programs (tests.test_typed_generator.Task32GradeClusterTests.test_task32_authenticates_frozen_luma_weights_for_five_programs) ... [32mok[0m
test_task32_capability_vocabulary_stays_frozen_at_forty_four_entries (tests.test_typed_generator.Task32GradeClusterTests.test_task32_capability_vocabulary_stays_frozen_at_forty_four_entries) ... [32mok[0m
test_task32_emitted_primary_shows_narrow_global_and_index_lowering (tests.test_typed_generator.Task32GradeClusterTests.test_task32_emitted_primary_shows_narrow_global_and_index_lowering) ... [31mFAIL[0m
test_task32_hslsecondary_luma_weights_is_structurally_validated_only (tests.test_typed_generator.Task32GradeClusterTests.test_task32_hslsecondary_luma_weights_is_structurally_validated_only)
Disclosure: `hslSecondary`'s LUMA_WEIGHTS type-checks (admission ... [32mok[0m
test_task32_index_expression_node_level_logic_rejects_past_the_coarse_hash_gate (tests.test_typed_generator.Task32GradeClusterTests.test_task32_index_expression_node_level_logic_rejects_past_the_coarse_hash_gate)
The single-axis rejection above is absorbed by the coarse ... [31mFAIL[0m
test_task32_luma_weights_node_level_logic_rejects_past_the_coarse_hash_gate (tests.test_typed_generator.Task32GradeClusterTests.test_task32_luma_weights_node_level_logic_rejects_past_the_coarse_hash_gate)
Sibling of the index-track coarse-gate-bypass test above, for the ... [31mFAIL[0m
test_task32_no_history_collision_and_fresh_capability_and_type_tuples (tests.test_typed_generator.Task32GradeClusterTests.test_task32_no_history_collision_and_fresh_capability_and_type_tuples) ... [31mFAIL[0m
test_task32_ordinal_blast_radius_removing_six_grade_keys_reconstructs_task31 (tests.test_typed_generator.Task32GradeClusterTests.test_task32_ordinal_blast_radius_removing_six_grade_keys_reconstructs_task31)
Removing all six grade keys from the live typed list must ... [32mok[0m
test_task32_rejects_wrong_profile_hash_and_foreign_key_for_both_tracks (tests.test_typed_generator.Task32GradeClusterTests.test_task32_rejects_wrong_profile_hash_and_foreign_key_for_both_tracks) ... [32mok[0m
test_task32_validator_and_emitter_require_both_profiles_where_expected (tests.test_typed_generator.Task32GradeClusterTests.test_task32_validator_and_emitter_require_both_profiles_where_expected) ... [32mok[0m

======================================================================
[31mFAIL[0m[1;31m: test_task32_emitted_primary_shows_narrow_global_and_index_lowering (tests.test_typed_generator.Task32GradeClusterTests.test_task32_emitted_primary_shows_narrow_global_and_index_lowering)[0m
----------------------------------------------------------------------
Traceback (most recent call last):
  File [35m"tests/test_typed_generator.py"[0m, line [35m15998[0m, in [35mtest_task32_emitted_primary_shows_narrow_global_and_index_lowering[0m
    [31mself.assertEqual[0m[1;31m(1, emitted.count("LUMA_WEIGHTS ="))[0m
    [31m~~~~~~~~~~~~~~~~[0m[1;31m^^^^^^^^^^^^^^^^^^^^^^^^^^^^^^^^^^^^[0m
[1;35mAssertionError[0m: [35m1 != 4[0m

======================================================================
[31mFAIL[0m[1;31m: test_task32_index_expression_node_level_logic_rejects_past_the_coarse_hash_gate (tests.test_typed_generator.Task32GradeClusterTests.test_task32_index_expression_node_level_logic_rejects_past_the_coarse_hash_gate)
The single-axis rejection above is absorbed by the coarse[0m
----------------------------------------------------------------------
Traceback (most recent call last):
  File [35m"tests/test_typed_generator.py"[0m, line [35m16071[0m, in [35mtest_task32_index_expression_node_level_logic_rejects_past_the_coarse_hash_gate[0m
    [31mself.assertIn[0m[1;31m("index site base profile mismatch", message)[0m
    [31m~~~~~~~~~~~~~[0m[1;31m^^^^^^^^^^^^^^^^^^^^^^^^^^^^^^^^^^^^^^^^^^^^^[0m
[1;35mAssertionError[0m: [35m'index site base profile mismatch' not found in 'grade-index-expression-v1: index site node profile mismatch'[0m

======================================================================
[31mFAIL[0m[1;31m: test_task32_luma_weights_node_level_logic_rejects_past_the_coarse_hash_gate (tests.test_typed_generator.Task32GradeClusterTests.test_task32_luma_weights_node_level_logic_rejects_past_the_coarse_hash_gate)
Sibling of the index-track coarse-gate-bypass test above, for the[0m
----------------------------------------------------------------------
Traceback (most recent call last):
  File [35m"tests/test_typed_generator.py"[0m, line [35m16132[0m, in [35mtest_task32_luma_weights_node_level_logic_rejects_past_the_coarse_hash_gate[0m
    [31mself.assertNotEqual[0m[1;31m(baseline_functions_sha, profile._sha(candidate.functions))[0m
    [31m~~~~~~~~~~~~~~~~~~~[0m[1;31m^^^^^^^^^^^^^^^^^^^^^^^^^^^^^^^^^^^^^^^^^^^^^^^^^^^^^^^^^^^[0m
[1;35mAssertionError[0m: [35m'91aba72dac52ee0ba63b532e28f67c3194f483704446508d5c39d74092bc0163' == '91aba72dac52ee0ba63b532e28f67c3194f483704446508d5c39d74092bc0163'[0m

======================================================================
[31mFAIL[0m[1;31m: test_task32_no_history_collision_and_fresh_capability_and_type_tuples (tests.test_typed_generator.Task32GradeClusterTests.test_task32_no_history_collision_and_fresh_capability_and_type_tuples)[0m
----------------------------------------------------------------------
Traceback (most recent call last):
  File [35m"tests/test_typed_generator.py"[0m, line [35m16268[0m, in [35mtest_task32_no_history_collision_and_fresh_capability_and_type_tuples[0m
    [31mself.assertEqual[0m[1;31m(10, len(set(all_names)))[0m
    [31m~~~~~~~~~~~~~~~~[0m[1;31m^^^^^^^^^^^^^^^^^^^^^^^^^[0m
[1;35mAssertionError[0m: [35m10 != 11[0m

----------------------------------------------------------------------
Ran 11 tests in 70.175s

[1;31mFAILED[0m ([1;31mfailures=4[0m)
