main [ 2.5, 1.5 ] [ 0.22727273404598236, 0.13636364042758942 ] 5.797979797979798 1.0454545454545454 0.375 1 0 75 87 0 50 1
prng [ 2, 2, 2 ] [ 1868765305, 1605692943, 343517272 ] [ 0.4351058304309845, 0.37385451793670654, 0.07998134940862656 ]
cells-start [ -1.0823413133621216, -1.2345017194747925 ] 5.797979797979798 1.0454545454545454 0
prng [ 9, 9, 2 ] [ 3053917292, 562432834, 1955318766 ] [ 0.711045503616333, 0.13095159828662872, 0.4552581310272217 ]
prng [ 2, 9, 9 ] [ 29149453, 3848990669, 3427126472 ] [ 0.006786885671317577, 0.8961629867553711, 0.7979400753974915 ]
prng [ 9, 9, 2 ] [ 3053917292, 562432834, 1955318766 ] [ 0.711045503616333, 0.13095159828662872, 0.4552581310272217 ]
site-pre -2 -2 [ -2, -2 ] [ -4, -4 ] [ 0.6234095692634583, 0.12158555537462234 ] [ -0.2466065571643412, 0.19808149337768555, 0.14897003769874573 ] [ 0.422091007232666, -0.7380968034267426, -0.08948373794555664 ] [ -2.2942490577697754, -2.6439127922058105 ] 4.391599828546697
site-post -2 -2 4.4660848457312 1
prng [ 7, 9, 2 ] [ 2804421736, 2981838512, 3847823060 ] [ 0.6529552936553955, 0.6942633986473083, 0.8958911299705505 ]
prng [ 2, 7, 9 ] [ 345467461, 292529994, 3947901729 ] [ 0.08043541014194489, 0.06810994446277618, 0.9191924929618835 ]
prng [ 7, 9, 2 ] [ 2804421736, 2981838512, 3847823060 ] [ 0.6529552936553955, 0.6942633986473083, 0.8958911299705505 ]
site-pre -1 -2 [ -1, -2 ] [ -3, -4 ] [ 0.55617755651474, 0.8934240341186523 ] [ -0.20978229492902756, -0.2159450277686119, 0.20959624648094177 ] [ 0.305910587310791, 0.3885267972946167, 0.7917822599411011 ] [ -1.3614811897277832, -1.8720742464065552 ] 2.9040203527970747
site-post -1 -2 3.008818473695125 1
prng [ 5, 9, 2 ] [ 1202454569, 4209627649, 621344284 ] [ 0.27996826171875, 0.9801303148269653, 0.14466798305511475 ]
prng [ 2, 5, 9 ] [ 3136553457, 4070250863, 2942057722 ] [ 0.7302857637405396, 0.9476791024208069, 0.6850011944770813 ]
prng [ 5, 9, 2 ] [ 1202454569, 4209627649, 621344284 ] [ 0.27996826171875, 0.9801303148269653, 0.14466798305511475 ]
site-pre 0 -2 [ 0, -2 ] [ -2, -4 ] [ 0.388313353061676, 0.7597042322158813 ] [ 0.11514288187026978, 0.22383955121040344, 0.09250059723854065 ] [ -0.4400634765625, 0.9602606296539307, -0.7106640338897705 ] [ -0.5293453335762024, -2.005794048309326 ] 2.602514071898027
site-post 0 -2 2.6487643694835223 1
prng [ 3, 9, 2 ] [ 2901814290, 2838408576, 2743477230 ] [ 0.6756312847137451, 0.6608685255050659, 0.6387655735015869 ]
prng [ 2, 3, 9 ] [ 3227029011, 3734960476, 2150686481 ] [ 0.7513512372970581, 0.8696132302284241, 0.5007457137107849 ]
prng [ 3, 9, 2 ] [ 2901814290, 2838408576, 2743477230 ] [ 0.6756312847137451, 0.6608685255050659, 0.6387655735015869 ]
site-pre 1 -2 [ 1, -2 ] [ -1, -4 ] [ 0.7284937500953674, 0.49557358026504517 ] [ 0.12567561864852905, 0.18480661511421204, 0.00037285685539245605 ] [ 0.35126256942749023, 0.32173705101013184, 0.27753114700317383 ] [ 0.810835063457489, -2.2699246406555176 ] 3.023952018130909
site-post 1 -2 3.0241384465544385 1
prng [ 0, 9, 2 ] [ 1089074043, 2751524095, 1728674017 ] [ 0.2535698115825653, 0.6406391263008118, 0.4024882912635803 ]
prng [ 2, 0, 9 ] [ 573457476, 1910169041, 1179286385 ] [ 0.13351847231388092, 0.44474589824676514, 0.27457401156425476 ]
prng [ 0, 9, 2 ] [ 1089074043, 2751524095, 1728674017 ] [ 0.2535698115825653, 0.6406391263008118, 0.4024882912635803 ]
site-pre 2 -2 [ 2, -2 ] [ 0, -4 ] [ 0.07811401784420013, 0.6648293733596802 ] [ -0.18324076384305954, -0.02762705087661743, -0.11271299421787262 ] [ -0.4928603768348694, 0.28127825260162354, -0.19502341747283936 ] [ 1.160455346107483, -2.1006689071655273 ] 3.0107696273110127
site-post 2 -2 2.954413131461742 1
prng [ 9, 7, 2 ] [ 2751396120, 335592003, 2011845282 ] [ 0.6406093239784241, 0.07813610136508942, 0.46841922402381897 ]
prng [ 2, 9, 7 ] [ 2280339756, 2789236268, 3035235014 ] [ 0.5309329628944397, 0.6494196653366089, 0.7066957354545593 ]
prng [ 9, 7, 2 ] [ 2751396120, 335592003, 2011845282 ] [ 0.6406093239784241, 0.07813610136508942, 0.46841922402381897 ]
site-pre -2 -1 [ -2, -1 ] [ -4, -3 ] [ 0.6480810046195984, 0.0824914202094078 ] [ 0.015466481447219849, 0.07470983266830444, 0.10334786772727966 ] [ 0.28121864795684814, -0.8437277972698212, -0.06316155195236206 ] [ -2.269577741622925, -1.6830068826675415 ] 3.5447283658114346
site-post -2 -1 3.596402298520072 1
prng [ 7, 7, 2 ] [ 1048043164, 1121451458, 302199377 ] [ 0.24401655793190002, 0.26110827922821045, 0.07036127895116806 ]
prng [ 2, 7, 7 ] [ 56268143, 2930697918, 2400589139 ] [ 0.013100948184728622, 0.6823562979698181, 0.5589306950569153 ]
prng [ 7, 7, 2 ] [ 1048043164, 1121451458, 302199377 ] [ 0.24401655793190002, 0.26110827922821045, 0.07036127895116806 ]
site-pre -1 -1 [ -1, -1 ] [ -3, -3 ] [ 0.009611188434064388, 0.23350079357624054 ] [ -0.2434495259076357, 0.09117814898490906, 0.02946534752845764 ] [ -0.5119668841362, -0.4777834415435791, -0.8592774420976639 ] [ -1.9080475568771362, -1.5319974422454834 ] 3.0698350234465166
site-post -1 -1 3.0845676968814444 1
prng [ 5, 7, 2 ] [ 506545701, 708482810, 1563293364 ] [ 0.11793936043977737, 0.16495651006698608, 0.36398258805274963 ]
prng [ 2, 5, 7 ] [ 3368300111, 379765633, 4230236863 ] [ 0.7842434644699097, 0.08842107653617859, 0.9849287867546082 ]
prng [ 5, 7, 2 ] [ 506545701, 708482810, 1563293364 ] [ 0.11793936043977737, 0.16495651006698608, 0.36398258805274963 ]
site-pre 0 -1 [ 0, -1 ] [ -2, -3 ] [ 0.2600289285182953, 0.18863379955291748 ] [ 0.14212173223495483, -0.2057894617319107, 0.24246439337730408 ] [ -0.7641212791204453, -0.6700869798660278, -0.27203482389450073 ] [ -0.6576297283172607, -1.57686448097229 ] 2.143393137238242
site-post 0 -1 2.2646253312171436 1
prng [ 3, 7, 2 ] [ 2149709778, 1172951912, 2108085503 ] [ 0.5005183219909668, 0.2730991542339325, 0.49082690477371216 ]
prng [ 2, 3, 7 ] [ 1214548525, 450230345, 2483826059 ] [ 0.282784104347229, 0.10482741892337799, 0.5783108472824097 ]
prng [ 3, 7, 2 ] [ 2149709778, 1172951912, 2108085503 ] [ 0.5005183219909668, 0.2730991542339325, 0.49082690477371216 ]
site-pre 1 -1 [ 1, -1 ] [ -1, -3 ] [ 0.4238005578517914, 0.3374239504337311 ] [ -0.1086079478263855, -0.197586290538311, 0.039155423641204834 ] [ 0.0010366439819335938, -0.453801691532135, -0.018346190452575684 ] [ 0.5061419010162354, -1.4280743598937988 ] 1.9007817615162241
site-post 1 -1 1.9203594728992306 1
prng [ 0, 7, 2 ] [ 1569958750, 2200972887, 3712216535 ] [ 0.3655345141887665, 0.5124539136886597, 0.864317774772644 ]
prng [ 2, 0, 7 ] [ 4079184928, 1474927274, 205317982 ] [ 0.9497592449188232, 0.3434082567691803, 0.047804318368434906 ]
prng [ 0, 7, 2 ] [ 1569958750, 2200972887, 3712216535 ] [ 0.3655345141887665, 0.5124539136886597, 0.864317774772644 ]
site-pre 2 -1 [ 2, -1 ] [ 0, -3 ] [ 0.5610828995704651, 0.569179117679596 ] [ 0.22487962245941162, -0.07829587161540985, -0.22609784081578255 ] [ -0.26893097162246704, 0.024907827377319336, 0.7286355495452881 ] [ 1.6434242725372314, -1.1963191032409668 ] 2.550162131136114
site-post 2 -1 2.4371132132550626 1
prng [ 9, 5, 2 ] [ 3113303285, 3374551125, 578544073 ] [ 0.7248724102973938, 0.7856988906860352, 0.13470278680324554 ]
prng [ 2, 9, 5 ] [ 1394021509, 2950255641, 2232086050 ] [ 0.3245709240436554, 0.6869099140167236, 0.5196980237960815 ]
prng [ 9, 5, 2 ] [ 3113303285, 3374551125, 578544073 ] [ 0.7248724102973938, 0.7856988906860352, 0.13470278680324554 ]
site-pre -2 0 [ -2, 0 ] [ -4, -2 ] [ 0.6959804892539978, 0.6943756937980652 ] [ -0.0877145379781723, 0.09345495700836182, 0.009849011898040771 ] [ 0.4497448205947876, 0.5713977813720703, -0.7305944263935089 ] [ -2.2216782569885254, -0.07112258672714233 ] 2.7886241457679053
site-post -2 0 2.793548651606854 1
prng [ 7, 5, 2 ] [ 492799576, 946736124, 2658024589 ] [ 0.1147388443350792, 0.2204291820526123, 0.6188696026802063 ]
prng [ 2, 7, 5 ] [ 2722733282, 3870382505, 174884319 ] [ 0.6339357495307922, 0.9011436700820923, 0.040718428790569305 ]
prng [ 7, 5, 2 ] [ 492799576, 946736124, 2658024589 ] [ 0.1147388443350792, 0.2204291820526123, 0.6188696026802063 ]
site-pre -1 0 [ -1, 0 ] [ -3, -2 ] [ 0.18169930577278137, 0.1754346787929535 ] [ 0.06696787476539612, 0.20057183504104614, -0.22964078560471535 ] [ -0.7705223113298416, -0.5591416358947754, 0.2377392053604126 ] [ -1.7359594106674194, -0.5900635719299316 ] 2.3002116680145264
site-post -1 0 2.1853912777786046 1
prng [ 5, 5, 2 ] [ 3494023217, 3361474593, 1850748728 ] [ 0.8135156631469727, 0.7826542854309082, 0.43091100454330444 ]
prng [ 2, 5, 5 ] [ 3928252255, 2918588565, 685980332 ] [ 0.9146174788475037, 0.6795368790626526, 0.15971724689006805 ]
prng [ 5, 5, 2 ] [ 3494023217, 3361474593, 1850748728 ] [ 0.8135156631469727, 0.7826542854309082, 0.43091100454330444 ]
site-pre 0 0 [ 0, 0 ] [ -2, -2 ] [ 0.8462094068527222, 0.6950512528419495 ] [ 0.20730873942375183, 0.0897684395313263, -0.17014137655496597 ] [ 0.6270313262939453, 0.5653085708618164, -0.1381779909133911 ] [ -0.07144927978515625, -0.07044702768325806 ] 0.12587900967760518
site-post 0 0 0.04080832330160025 0.04080832377076149
prng [ 3, 5, 2 ] [ 702626910, 3688177524, 1551362294 ] [ 0.16359306871891022, 0.8587207198143005, 0.36120468378067017 ]
prng [ 2, 3, 5 ] [ 3849778451, 2815781211, 1130108010 ] [ 0.896346390247345, 0.6556001305580139, 0.2631237804889679 ]
prng [ 3, 5, 2 ] [ 702626910, 3688177524, 1551362294 ] [ 0.16359306871891022, 0.8587207198143005, 0.36120468378067017 ]
site-pre 1 0 [ 1, 0 ] [ -1, -2 ] [ 0.3605116605758667, 0.7811002135276794 ] [ 0.19817319512367249, 0.07780006527900696, -0.11843810975551605 ] [ -0.6728138625621796, 0.7174414396286011, -0.27759063243865967 ] [ 0.4428529739379883, 0.015601933002471924 ] 0.5559239062395963
site-post 1 0 0.4967048526854873 0.04080832377076149
prng [ 0, 5, 2 ] [ 2467751424, 7284567, 1811672955 ] [ 0.5745681524276733, 0.0016960704233497381, 0.4218129813671112 ]
prng [ 2, 0, 5 ] [ 4040043672, 2249701344, 3560699019 ] [ 0.9406459927558899, 0.5237994194030762, 0.8290398716926575 ]
prng [ 0, 5, 2 ] [ 2467751424, 7284567, 1811672955 ] [ 0.5745681524276733, 0.0016960704233497381, 0.4218129813671112 ]
site-pre 2 0 [ 2, 0 ] [ 0, -2 ] [ 0.7054824829101562, 0.004190758801996708 ] [ 0.22032299637794495, 0.011899709701538086, 0.16451993584632874 ] [ 0.14913630485534668, -0.9966078591533005, -0.1563740372657776 ] [ 1.7878237962722778, -0.7613075375556946 ] 2.4377931356430054
site-post 2 0 2.520053101727516 0.04080832377076149
prng [ 9, 3, 2 ] [ 331779791, 1830010255, 467079609 ] [ 0.07724849879741669, 0.42608246207237244, 0.10875044763088226 ]
prng [ 2, 9, 3 ] [ 1934080462, 3210362078, 1269976074 ] [ 0.4503132104873657, 0.7474706768989563, 0.29568934440612793 ]
prng [ 9, 3, 2 ] [ 331779791, 1830010255, 467079609 ] [ 0.07724849879741669, 0.42608246207237244, 0.10875044763088226 ]
site-pre -2 1 [ -2, 1 ] [ -4, -1 ] [ 0.05244996398687363, 0.3524303436279297 ] [ -0.02484339475631714, 0.12373533844947815, -0.10215532779693604 ] [ -0.8455030024051666, -0.14783507585525513, -0.7824991047382355 ] [ -2.865208625793457, 0.5869320631027222 ] 3.66917779228904
site-post -2 1 3.618100129532247 0.04080832377076149
prng [ 7, 3, 2 ] [ 3798097897, 23232112, 625699315 ] [ 0.8843135833740234, 0.0054091475903987885, 0.1456819772720337 ]
prng [ 2, 7, 3 ] [ 748226715, 1064530734, 4233282084 ] [ 0.1742101013660431, 0.24785538017749786, 0.9856377840042114 ]
prng [ 7, 3, 2 ] [ 3798097897, 23232112, 625699315 ] [ 0.8843135833740234, 0.0054091475903987885, 0.1456819772720337 ]
site-pre -1 1 [ -1, 1 ] [ -3, -1 ] [ 0.8815817832946777, -0.02010485716164112 ] [ -0.16289494931697845, -0.12607230991125107, 0.2428188920021057 ] [ 0.7686271667480469, -0.9891817048192024, -0.7086360454559326 ] [ -1.0360769033432007, 0.2143968641757965 ] 1.327343149618669
site-post -1 1 1.4487525929060092 0.04080832377076149
prng [ 5, 3, 2 ] [ 3027654165, 1889480755, 1959550906 ] [ 0.7049306631088257, 0.4399290084838867, 0.45624348521232605 ]
prng [ 2, 5, 3 ] [ 1718938931, 57803374, 674413458 ] [ 0.40022164583206177, 0.01345839723944664, 0.15702411532402039 ]
prng [ 5, 3, 2 ] [ 3027654165, 1889480755, 1959550906 ] [ 0.7049306631088257, 0.4399290084838867, 0.45624348521232605 ]
site-pre 0 1 [ 0, 1 ] [ -2, -1 ] [ 0.6866326928138733, 0.5900905132293701 ] [ -0.049889177083969116, -0.24327080138027668, -0.1714879423379898 ] [ 0.40986132621765137, -0.12014198303222656, -0.0875130295753479 ] [ -0.23102599382400513, 0.8245922327041626 ] 1.0743227275935086
site-post 0 1 0.9885787583410408 0.04080832377076149
prng [ 3, 3, 2 ] [ 298502722, 1931309220, 999492299 ] [ 0.06950058043003082, 0.44966796040534973, 0.23271243274211884 ]
prng [ 2, 3, 3 ] [ 422839780, 1549237517, 1941391856 ] [ 0.09845005720853806, 0.3607099652290344, 0.4520155191421509 ]
prng [ 3, 3, 2 ] [ 298502722, 1931309220, 999492299 ] [ 0.06950058043003082, 0.44966796040534973, 0.23271243274211884 ]
site-pre 1 1 [ 1, 1 ] [ -1, -1 ] [ -0.13070090115070343, 0.49371615052223206 ] [ -0.20077497139573097, -0.06964501738548279, -0.02399224042892456 ] [ -0.8609988391399384, -0.10066407918930054, -0.5345751345157623 ] [ -0.04835958778858185, 0.7282178401947021 ] 0.9155946482311595
site-post 1 1 0.9035985282848314 0.04080832377076149
prng [ 0, 3, 2 ] [ 2059703249, 3746809497, 1889476557 ] [ 0.47956204414367676, 0.8723720908164978, 0.4399280548095703 ]
prng [ 2, 0, 3 ] [ 1357223609, 452586417, 114693134 ] [ 0.3160032331943512, 0.1053759902715683, 0.026704076677560806 ]
prng [ 0, 3, 2 ] [ 2059703249, 3746809497, 1889476557 ] [ 0.47956204414367676, 0.8723720908164978, 0.4399280548095703 ]
site-pre 2 1 [ 2, 1 ] [ 0, -1 ] [ 0.41190534830093384, 1.0695210695266724 ] [ -0.0919983834028244, -0.19731200486421585, -0.2366479616612196 ] [ -0.040875911712646484, 0.7447441816329956, -0.12014389038085938 ] [ 1.4942467212677002, 1.3040227890014648 ] 2.4880672801624644
site-post 2 1 2.3697433019766017 0.04080832377076149
prng [ 9, 0, 2 ] [ 2479759562, 1215144712, 954713867 ] [ 0.5773640275001526, 0.2829229235649109, 0.2222866415977478 ]
prng [ 2, 9, 0 ] [ 2273518711, 680498028, 3574152314 ] [ 0.5293447971343994, 0.15844079852104187, 0.832172155380249 ]
prng [ 9, 0, 2 ] [ 2479759562, 1215144712, 954713867 ] [ 0.5773640275001526, 0.2829229235649109, 0.2222866415977478 ]
site-pre -2 2 [ -2, 2 ] [ -4, 0 ] [ 0.5860161185264587, 0.34168240427970886 ] [ 0.014672398567199707, -0.17077960073947906, 0.1660860776901245 ] [ 0.15472805500030518, -0.4341541528701782, -0.5554267168045044 ] [ -2.3316426277160645, 1.5761841535568237 ] 3.5308076793497256
site-post -2 2 3.6138507163386313 0.04080832377076149
prng [ 7, 0, 2 ] [ 3663712773, 2699558204, 686339516 ] [ 0.8530246019363403, 0.6285398602485657, 0.15980087220668793 ]
prng [ 2, 7, 0 ] [ 828800678, 983353557, 3385282688 ] [ 0.19297020137310028, 0.22895483672618866, 0.7881975173950195 ]
prng [ 7, 0, 2 ] [ 3663712773, 2699558204, 686339516 ] [ 0.8530246019363403, 0.6285398602485657, 0.15980087220668793 ]
site-pre -1 2 [ -1, 2 ] [ -3, 0 ] [ 0.84085613489151, 0.7455847263336182 ] [ -0.15351489931344986, -0.13552258163690567, 0.14409875869750977 ] [ 0.7060492038726807, 0.25707972049713135, -0.6803982555866241 ] [ -1.0768024921417236, 1.9800864458084106 ] 2.827670563351024
site-post -1 2 2.8997199410893497 0.04080832377076149
prng [ 5, 0, 2 ] [ 941528728, 2804592326, 211290543 ] [ 0.2192167341709137, 0.6529950499534607, 0.04919491335749626 ]
prng [ 2, 5, 0 ] [ 3310832160, 4211950128, 2437787997 ] [ 0.7708631753921509, 0.9806710481643677, 0.5675917267799377 ]
prng [ 5, 0, 2 ] [ 941528728, 2804592326, 211290543 ] [ 0.2192167341709137, 0.6529950499534607, 0.04919491335749626 ]
site-pre 0 2 [ 0, 2 ] [ -2, 0 ] [ 0.3512698709964752, 0.439752995967865 ] [ 0.13543158769607544, 0.24033552408218384, 0.03379586338996887 ] [ -0.5615665316581726, 0.3059900999069214, -0.9016101732850075 ] [ -0.5663888454437256, 1.6742546558380127 ] 2.2173625339161265
site-post 0 2 2.2342604652334126 0.04080832377076149
prng [ 3, 0, 2 ] [ 3086777268, 2230805457, 2718144454 ] [ 0.7186963558197021, 0.519399881362915, 0.6328673362731934 ]
prng [ 2, 3, 0 ] [ 2956272138, 2032183421, 2470191581 ] [ 0.6883107423782349, 0.47315457463264465, 0.5751363039016724 ]
prng [ 3, 0, 2 ] [ 3086777268, 2230805457, 2718144454 ] [ 0.7186963558197021, 0.519399881362915, 0.6328673362731934 ]
site-pre 1 2 [ 1, 2 ] [ -1, 0 ] [ 0.7508055567741394, 0.5292521715164185 ] [ 0.09415537118911743, -0.013422712683677673, 0.03756815195083618 ] [ 0.4373927116394043, 0.03879976272583008, 0.2657346725463867 ] [ 0.833146870136261, 1.763753890991211 ] 2.4471554322676226
site-post 1 2 2.465939507823184 0.04080832377076149
prng [ 0, 0, 2 ] [ 3777396566, 1414658488, 4279417841 ] [ 0.8794936537742615, 0.32937583327293396, 0.9963796138763428 ]
prng [ 2, 0, 0 ] [ 563670405, 1476074688, 3054979458 ] [ 0.13123974204063416, 0.343675434589386, 0.7112928628921509 ]
prng [ 0, 0, 2 ] [ 3777396566, 1414658488, 4279417841 ] [ 0.8794936537742615, 0.32937583327293396, 0.9963796138763428 ]
site-pre 2 2 [ 2, 2 ] [ 0, 0 ] [ 0.8746246099472046, 0.36296141147613525 ] [ -0.18438012897968292, -0.078162282705307, 0.10564643144607544 ] [ 0.758987307548523, -0.3412483334541321, 0.9927592277526855 ] [ 1.9569659233093262, 1.5974631309509277 ] 3.1692123087969692
site-post 2 2 3.222035523339316 0.04080832377076149
final-d 0.04080832377076149
bindings {
  metric: 0,
  scale: 75,
  cellScale: 87,
  cellSmooth: 0,
  variation: 50,
  speed: 1,
  seed: 1
}
out [ 0.04080832377076149, 0.04080832377076149, 0.04080832377076149, 1 ] [ '3d2726a1', '3d2726a1', '3d2726a1', '3f800000' ]
