PASS surface_rejects_zero_and_overflowing_dimensions
PASS surface_rejects_mismatched_constructor_data
PASS surface_rejects_mismatched_rgba8_data
PASS surface_converts_rgba8_to_float32
PASS surface_from_rgba8_matches_js_double_division_before_float32_storage
PASS surface_clear_and_clone_use_independent_storage
PASS surface_converts_float32_to_rgba8_per_js_contract
PASS numeric_f32_narrows_double_to_ieee_float32
PASS numeric_matches_glsl_mod_round_and_unsigned_multiplication
PASS numeric_matches_hash_and_pcg_vectors
PASS numeric_preserves_float_bit_patterns
PASS numeric_converts_ieee_half_with_round_to_nearest_even
PASS numeric_truncates_float16_and_handles_special_values
PASS sampler_nearest_top_down_uses_surface_storage_rows
PASS sampler_nearest_bottom_left_uses_glsl_row_addressing_and_clamps
PASS sampler_nearest_propagates_nan_coordinates_like_typed_array_indexing
PASS sampler_bilinear_bottom_left_uses_half_texel_centers_and_edge_clamping
PASS sampler_bilinear_bottom_left_clamps_infinities_and_propagates_nan
PASS sampler_texel_fetch_bottom_left_addresses_integer_rows_and_clamps
PASS sampler_texel_fetch_bottom_left_preserves_exact_float_lanes_and_repeats
PASS texture_format_rgba16f_truncates_each_channel
PASS texture_format_rgba8_unorm_clamps_and_rounds_to_normalized_bytes
PASS texture_format_rgba8_unorm_maps_nonfinite_channels_to_zero
PASS texture_format_rgba32f_preserves_every_channel_bit_pattern
PASS texture_format_invalid_enum_is_a_bit_preserving_no_op
PASS png_encoder_writes_deterministic_valid_rgba_png
PASS png_decoder_round_trips_literal_rgba_surface
PASS png_decoder_decodes_each_standard_rgba_filter
PASS png_decoder_converts_each_supported_color_type_and_transparency
PASS png_decoder_rejects_present_invalid_transparency_and_nonfirst_header
PASS png_decoder_rejects_malformed_png_structure_and_format
PASS png_decoder_rejects_chunk_order_palette_scanline_and_size_violations
PASS glsl_vec_default_and_splat_construction
PASS glsl_vec_exact_and_flattening_construction
PASS glsl_canonical_js_vector_equality_result_truthiness_is_not_mathematical_equality
PASS glsl_float_expressions_materialize_at_flattening_and_matrix_boundaries
PASS glsl_vec_cross_base_conversion_is_deterministic
PASS glsl_float_vector_expressions_defer_rounding_until_storage
PASS glsl_integral_vectors_convert_to_deferred_float_expressions
PASS glsl_float_expression_swizzles_preserve_deferred_lane_precision
PASS glsl_integer_vector_arithmetic_wraps_and_zero_divides
PASS glsl_unsigned_vector_shift_and_xor_match_javascript_uint32_semantics
PASS glsl_integer_remainder_is_defined_for_zero_and_signed_overflow
PASS glsl_unary_negation_is_deferred_for_float_and_wrapping_for_int
PASS glsl_swizzles_are_typed_and_alias_safe
PASS glsl_matrices_are_column_major_and_multiply_with_storage_narrowing
PASS glsl_runtime_mod_fract_and_round_match_glsl_contract
PASS glsl_runtime_mod_covers_scalar_vector_expression_and_javascript_boundaries
PASS glsl_runtime_geometric_helpers_handle_nonzero_zero_and_total_internal_reflection
PASS glsl_runtime_component_helpers_work_for_scalars_and_vectors
PASS glsl_runtime_scalar_smoothstep_narrows_once_after_double_intermediates
PASS glsl_component_min_max_match_js_nan_and_signed_zero_rules
PASS glsl_runtime_straight_line_math_helpers_cover_scalar_vector_and_boundaries
PASS glsl_bindings_enforce_exact_uniform_types_and_missing_fallbacks
PASS glsl_bindings_preserve_number_uniforms_and_widen_legacy_float_bindings
PASS glsl_bindings_store_nonowning_texture_references_and_report_missing_samplers
PASS glsl_pixel_context_defaults_to_zero
PASS bound_kernel_rejects_null_state_or_pixel_function
PASS bound_kernel_retains_state_and_dispatches_raw_pixel_function
PASS pass_runner_uses_bottom_left_glsl_coordinates_and_top_down_surface_storage
PASS pass_runner_propagates_time_seed_frame_and_delta_time
PASS generated_solid_renders_premultiplied_color_to_all_pixels
PASS generated_solid_stores_premultiplied_fractional_alpha
PASS generated_invert_mode_zero_inverts_rgb_and_preserves_alpha
PASS generated_invert_mode_one_solarizes_rgb_and_preserves_alpha
PASS generated_invert_maps_bottom_left_sampling_back_to_top_down_storage
PASS generated_factories_reject_missing_sampler_and_wrong_uniform_alternatives_at_bind_time
PASS typed_slice_catalog_is_exactly_one_hundred_thirty_one_sorted_unique_keys_and_excludes_adjacent_programs
PASS typed_task26_smooth_edge_public_and_direct_binders_are_exposed
PASS typed_task22_crt_binding_abi_is_exact
PASS typed_task21_degauss_binding_abi_is_exact
PASS typed_task20_sacred_geometry_binding_abi_is_exact
PASS task11_typed_factories_are_declared_by_the_public_catalog_header
PASS task12_typed_factories_are_declared_by_the_public_catalog_header
PASS task13_typed_factories_are_declared_by_the_public_catalog_header
PASS task14_typed_factories_are_declared_by_the_public_catalog_header
PASS task15_typed_factories_are_declared_by_the_public_catalog_header
PASS task17_typed_factories_are_declared_by_the_public_catalog_header
PASS task17_factories_require_exact_bindings_and_ignore_unrelated_entries
PASS task18_typed_factories_are_declared_by_the_public_catalog_header
PASS task18_factories_require_every_exact_binding_and_ignore_unrelated_entries
PASS task19_refract_factory_is_declared_by_the_public_catalog_header
PASS task19_refract_requires_all_eleven_exact_bindings_and_ignores_unrelated_entries
PASS typed_slice_factories_bind_required_typed_uniforms_and_samplers
PASS typed_task16_compute_rank_requires_only_lum_tex_and_ignores_extras
PASS typed_slice_threshold_and_smoothstep_reject_missing_and_wrong_bound_values
PASS typed_slice_channel_combine_rejects_missing_and_wrong_sampler_or_uniform
PASS typed_task23_canonical_oracle_fixture_count_is_frozen
PASS typed_task23_public_canonical_oracles_are_exact_repeatable_finite_and_nonmutating
PASS typed_task23_binding_abis_are_exact_and_exclude_compile_time_mode_and_method
PASS typed_task23_wind_tiny_positive_enters_normal_guard_but_reach_breaks_before_candidate
PASS typed_task24_native_fixture_table_has_four_normative_cases_and_two_exclusions
PASS typed_task24_gather_sorted_binding_abi_is_exactly_three_samplers
PASS typed_task24_public_oracles_are_exact_repeatable_finite_and_nonmutating
PASS typed_task24_signed_zero_and_exclusion_controls_preserve_the_closed_domain
PASS typed_task25_native_table_freezes_six_cases_eleven_mutations_and_resources
PASS typed_task25_lens_and_prismatic_binding_abis_reject_every_missing_or_wrong_input
PASS typed_task25_public_factory_oracles_are_exact_repeatable_finite_and_nonmutating
PASS typed_task26_native_table_freezes_eight_cases_eleven_mutations_and_resources
PASS typed_task26_mutation_harness_rejects_an_unhandled_mode
PASS typed_task26_identity_mutations_execute_distinct_weight_ownership_paths
PASS typed_task26_binding_abi_rejects_every_missing_or_wrong_input_and_accepts_extras
PASS typed_task26_public_factory_oracles_are_exact_repeatable_finite_and_nonmutating
PASS typed_task26_mutation_harness_matches_all_eighty_eight_frozen_results
PASS typed_task27_direct_unsigned_word_table_executes_six_distinct_fail_closed_modes
PASS typed_task27_perlin_public_oracles_are_exact_repeatable_finite_and_match_probes
PASS typed_task27_perlin_binding_abi_rejects_every_missing_and_wrong_input
PASS typed_task28_matrix_table_executes_six_distinct_fail_closed_modes
PASS typed_task28_rotate_public_oracles_are_exact_repeatable_finite_and_nonmutating
PASS typed_task28_rotate_binding_abi_rejects_every_missing_and_wrong_input
PASS typed_task29_focus_blur_public_oracles_are_exact_repeatable_finite_nonmutating_and_lifetime_safe
PASS typed_task29_focus_blur_binding_abi_rejects_every_missing_and_wrong_input
PASS typed_task29_direct_borrow_switch_executes_eight_distinct_fail_closed_modes
PASS typed_task29_selected_focus_path_executes_sixty_seven_reads_and_size_queries
PASS typed_slice_five_kernel_external_oracles_are_repeatable_and_top_down
PASS typed_slice_test_sha256_has_standard_empty_and_zero_block_vectors
PASS typed_math_slice_sixteen_external_oracles_are_repeatable
PASS typed_math_slice_all_sixteen_factories_fail_closed_on_empty_bindings
PASS typed_control_flow_slice_external_oracles_are_repeatable
PASS typed_control_flow_slice_external_branch_oracles_cover_every_arm
PASS typed_control_flow_slice_each_signature_rejects_wrong_binding_type
PASS typed_control_flow_slice_secondary_samplers_are_required
PASS typed_task11_all_ninety_four_external_oracles_are_exact_and_repeatable
PASS typed_task11_each_distinct_signature_and_sampler_fails_closed
PASS typed_task12_all_one_hundred_twenty_external_oracles_are_exact_and_repeatable
PASS typed_task12_each_distinct_signature_and_sampler_fails_closed
PASS typed_task13_all_twenty_one_external_oracles_are_exact_and_repeatable
PASS typed_task13_each_required_binding_fails_closed
PASS typed_task14_all_thirty_external_oracles_are_exact_repeatable_and_top_down
PASS typed_task14_every_required_binding_fails_closed
PASS typed_pixel_sort_admits_compute_rank_but_still_excludes_gather_sorted
PASS typed_task15_every_required_uniform_and_sampler_fails_closed
PASS typed_task15_scalar_fixture_precision_tracks_binding_provenance
PASS typed_task15_all_thirty_eight_external_oracles_are_exact_and_repeatable
PASS typed_task16_compute_rank_external_oracles_are_exact_and_repeatable
PASS typed_task16_compute_rank_width_one_preserves_canonical_quiet_nan
PASS typed_task17_sharpen_and_sobel_external_oracles_are_exact_and_repeatable
PASS typed_task18_cel_edges_and_outline_sobel_external_oracles_are_exact_and_repeatable
PASS typed_task19_refract_external_oracles_are_exact_and_repeatable
PASS typed_task20_sacred_geometry_external_oracles_are_exact_and_repeatable
PASS typed_task20_star_points_five_through_twelve_are_canonical_qnan
PASS typed_task21_degauss_external_oracles_are_exact_repeatable_and_nonmutating
PASS typed_task22_crt_public_adapter_oracles_are_exact_repeatable_and_nonmutating
